-- The C compiler identification is GNU 11.4.0
-- The CXX compiler identification is GNU 11.4.0
-- Detecting C compiler ABI info
-- Detecting C compiler ABI info - done
-- Check for working C compiler: /usr/bin/cc - skipped
-- Detecting C compile features
-- Detecting C compile features - done
-- Detecting CXX compiler ABI info
-- Detecting CXX compiler ABI info - done
-- Check for working CXX compiler: /usr/bin/c++ - skipped
-- Detecting CXX compile features
-- Detecting CXX compile features - done
-- Looking for pthread.h
-- Looking for pthread.h - found
-- Performing Test CMAKE_HAVE_LIBC_PTHREAD
-- Performing Test CMAKE_HAVE_LIBC_PTHREAD - Success
-- Found Threads: TRUE  
-- Found ament_cmake: 1.3.14 (/opt/ros/humble/share/ament_cmake/cmake)
-- Found Python3: /usr/bin/python3 (found version "3.10.12") found components: Interpreter 
-- Found rclcpp: 16.0.18 (/opt/ros/humble/share/rclcpp/cmake)
-- Found rosidl_generator_c: 3.1.8 (/opt/ros/humble/share/rosidl_generator_c/cmake)
-- Found rosidl_adapter: 3.1.8 (/opt/ros/humble/share/rosidl_adapter/cmake)
-- Found rosidl_generator_cpp: 3.1.8 (/opt/ros/humble/share/rosidl_generator_cpp/cmake)
-- Using all available rosidl_typesupport_c: rosidl_typesupport_fastrtps_c;rosidl_typesupport_introspection_c
-- Using all available rosidl_typesupport_cpp: rosidl_typesupport_fastrtps_cpp;rosidl_typesupport_introspection_cpp
-- Found rmw_implementation_cmake: 6.1.2 (/opt/ros/humble/share/rmw_implementation_cmake/cmake)
-- Found rmw_fastrtps_cpp: 6.2.10 (/opt/ros/humble/share/rmw_fastrtps_cpp/cmake)
-- Found OpenSSL: /usr/lib/x86_64-linux-gnu/libcrypto.so (found version "3.0.2")  
-- Found FastRTPS: /opt/ros/humble/include  
-- Using RMW implementation 'rmw_fastrtps_cpp' as default
-- Found rclcpp_action: 16.0.18 (/opt/ros/humble/share/rclcpp_action/cmake)
-- Found rclcpp_lifecycle: 16.0.18 (/opt/ros/humble/share/rclcpp_lifecycle/cmake)
-- Found pluginlib: 5.1.3 (/opt/ros/humble/share/pluginlib/cmake)
-- Found geometry_msgs: 4.9.1 (/opt/ros/humble/share/geometry_msgs/cmake)
-- Found sensor_msgs: 4.9.1 (/opt/ros/humble/share/sensor_msgs/cmake)
-- Found shape_msgs: 4.9.1 (/opt/ros/humble/share/shape_msgs/cmake)
-- Found tf2: 0.25.19 (/opt/ros/humble/share/tf2/cmake)
-- Found tf2_geometry_msgs: 0.25.19 (/opt/ros/humble/share/tf2_geometry_msgs/cmake)
-- Found eigen3_cmake_module: 0.1.1 (/opt/ros/humble/share/eigen3_cmake_module/cmake)
-- Found Eigen3: TRUE (found version "3.4.0") 
-- Ensuring Eigen3 include directory is part of orocos-kdl CMake target
-- Found visualization_msgs: 4.9.1 (/opt/ros/humble/share/visualization_msgs/cmake)
-- Found pcl_conversions: 2.4.5 (/opt/ros/humble/share/pcl_conversions/cmake)
-- Checking for module 'eigen3'
--   Found eigen3, version 3.4.0
-- Found Eigen: /usr/include/eigen3 (Required is at least version "3.1") 
-- Eigen found (include: /usr/include/eigen3, version: 3.4.0)
-- Checking for module 'flann'
--   Found flann, version 1.9.1
-- Found FLANN: /usr/lib/x86_64-linux-gnu/libflann_cpp.so  
-- FLANN found (include: /usr/include, lib: /usr/lib/x86_64-linux-gnu/libflann_cpp.so)
-- Checking for module 'libusb-1.0'
--   Found libusb-1.0, version 1.0.25
-- Found libusb: /usr/lib/x86_64-linux-gnu/libusb-1.0.so  
-- OpenNI found (version: 1.5.4.0, include: /usr/include/ni, lib: /usr/lib/libOpenNI.so;libusb::libusb)
-- OpenNI2 found (version: 2.2.0.33, include: /usr/include/openni2, lib: /usr/lib/x86_64-linux-gnu/libOpenNI2.so;libusb::libusb)
-- Eigen found (include: /usr/include/eigen3, version: 3.4.0)
-- OpenNI found (version: 1.5.4.0, include: /usr/include/ni, lib: /usr/lib/libOpenNI.so;libusb::libusb)
-- OpenNI2 found (version: 2.2.0.33, include: /usr/include/openni2, lib: /usr/lib/x86_64-linux-gnu/libOpenNI2.so;libusb::libusb)
-- Found Qhull version 8.0.2
-- OpenNI found (version: 1.5.4.0, include: /usr/include/ni, lib: /usr/lib/libOpenNI.so;libusb::libusb)
-- Found PCL_COMMON: /usr/lib/x86_64-linux-gnu/libpcl_common.so  
-- Found PCL_KDTREE: /usr/lib/x86_64-linux-gnu/libpcl_kdtree.so  
-- Found PCL_OCTREE: /usr/lib/x86_64-linux-gnu/libpcl_octree.so  
-- Found PCL_SEARCH: /usr/lib/x86_64-linux-gnu/libpcl_search.so  
-- Found PCL_SAMPLE_CONSENSUS: /usr/lib/x86_64-linux-gnu/libpcl_sample_consensus.so  
-- Found PCL_FILTERS: /usr/lib/x86_64-linux-gnu/libpcl_filters.so  
-- Found PCL_2D: /usr/include/pcl-1.12  
-- Found PCL_GEOMETRY: /usr/include/pcl-1.12  
-- Found PCL_IO: /usr/lib/x86_64-linux-gnu/libpcl_io.so  
-- Found PCL_FEATURES: /usr/lib/x86_64-linux-gnu/libpcl_features.so  
-- Found PCL_ML: /usr/lib/x86_64-linux-gnu/libpcl_ml.so  
-- Found PCL_SEGMENTATION: /usr/lib/x86_64-linux-gnu/libpcl_segmentation.so  
-- Found PCL_VISUALIZATION: /usr/lib/x86_64-linux-gnu/libpcl_visualization.so  
-- Found PCL_SURFACE: /usr/lib/x86_64-linux-gnu/libpcl_surface.so  
-- Found PCL_REGISTRATION: /usr/lib/x86_64-linux-gnu/libpcl_registration.so  
-- Found PCL_KEYPOINTS: /usr/lib/x86_64-linux-gnu/libpcl_keypoints.so  
-- Found PCL_TRACKING: /usr/lib/x86_64-linux-gnu/libpcl_tracking.so  
-- Found PCL_RECOGNITION: /usr/lib/x86_64-linux-gnu/libpcl_recognition.so  
-- Found PCL_STEREO: /usr/lib/x86_64-linux-gnu/libpcl_stereo.so  
-- Found PCL_APPS: /usr/lib/x86_64-linux-gnu/libpcl_apps.so  
-- Found PCL_IN_HAND_SCANNER: /usr/include/pcl-1.12  
-- Found PCL_MODELER: /usr/include/pcl-1.12  
-- Found PCL_POINT_CLOUD_EDITOR: /usr/include/pcl-1.12  
-- Found PCL_OUTOFCORE: /usr/lib/x86_64-linux-gnu/libpcl_outofcore.so  
-- Found PCL_PEOPLE: /usr/lib/x86_64-linux-gnu/libpcl_people.so  
-- Found OpenCV: /usr (found version "4.5.4") 
-- Found Boost: /usr/lib/x86_64-linux-gnu/cmake/Boost-1.74.0/BoostConfig.cmake (found version "1.74.0") found components: system 
[33mCMake Warning (dev) at CMakeLists.txt:37 (find_package):
  Policy CMP0074 is not set: find_package uses <PackageName>_ROOT variables.
  Run "cmake --help-policy CMP0074" for policy details.  Use the cmake_policy
  command to set the policy and suppress this warning.

  CMake variable PCL_ROOT is set to:

    /usr

  For compatibility, CMake is ignoring the variable.
This warning is for project developers.  Use -Wno-dev to suppress it.
[0m
-- Configuring done
-- Generating done
-- Build files have been written to: /home/lixi/ros2_ws/build/ros2_kitti_publishers
[ 25%] [32mBuilding CXX object CMakeFiles/ros2_kitti_publishers.dir/src/node/kitti_publishers_node.cpp.o[0m
In file included from [01m[K/opt/ros/humble/include/rclcpp/rclcpp/logging.hpp:24[m[K,
                 from [01m[K/opt/ros/humble/include/rclcpp/rclcpp/client.hpp:40[m[K,
                 from [01m[K/opt/ros/humble/include/rclcpp/rclcpp/callback_group.hpp:24[m[K,
                 from [01m[K/opt/ros/humble/include/rclcpp/rclcpp/any_executable.hpp:20[m[K,
                 from [01m[K/opt/ros/humble/include/rclcpp/rclcpp/memory_strategy.hpp:25[m[K,
                 from [01m[K/opt/ros/humble/include/rclcpp/rclcpp/memory_strategies.hpp:18[m[K,
                 from [01m[K/opt/ros/humble/include/rclcpp/rclcpp/executor_options.hpp:20[m[K,
                 from [01m[K/opt/ros/humble/include/rclcpp/rclcpp/executor.hpp:37[m[K,
                 from [01m[K/opt/ros/humble/include/rclcpp/rclcpp/executors/multi_threaded_executor.hpp:25[m[K,
                 from [01m[K/opt/ros/humble/include/rclcpp/rclcpp/executors.hpp:21[m[K,
                 from [01m[K/opt/ros/humble/include/rclcpp/rclcpp/rclcpp.hpp:155[m[K,
                 from [01m[K/home/lixi/ros2_ws/src/ros2_kitti_publishers/include/ros2_kitti_publishers/kitti_publishers_node.hpp:19[m[K,
                 from [01m[K/home/lixi/ros2_ws/src/ros2_kitti_publishers/src/node/kitti_publishers_node.cpp:3[m[K:
[01m[K/home/lixi/ros2_ws/src/ros2_kitti_publishers/src/node/kitti_publishers_node.cpp:[m[K In member function ‘[01m[Kvoid KittiPublishersNode::on_timer_callback()[m[K’:
[01m[K/home/lixi/ros2_ws/src/ros2_kitti_publishers/src/node/kitti_publishers_node.cpp:60:37:[m[K [01;35m[Kwarning: [m[Kformat ‘[01m[K%i[m[K’ expects argument of type ‘[01m[Kint[m[K’, but argument 5 has type ‘[01m[Kstd::vector<std::__cxx11::basic_string<char> >::size_type[m[K’ {aka ‘[01m[Klong unsigned int[m[K’} [[01;35m[K]8;;https://gcc.gnu.org/onlinedocs/gcc/Warning-Options.html#index-Wformat=-Wformat=]8;;[m[K]
   60 |     RCLCPP_INFO(this->get_logger(), [01;35m[K"OxTs size: '%i'"[m[K, [32m[Koxts_parsed_array.size()[m[K);
      |                                     [01;35m[K^~~~~~~~~~~~~~~~~[m[K  [32m[K~~~~~~~~~~~~~~~~~~~~~~~~[m[K
      |                                                                              [32m[K|[m[K
      |                                                                              [32m[Kstd::vector<std::__cxx11::basic_string<char> >::size_type {aka long unsigned int}[m[K
[01m[K/home/lixi/ros2_ws/src/ros2_kitti_publishers/src/node/kitti_publishers_node.cpp:60:51:[m[K [01;36m[Knote: [m[Kformat string is defined here
   60 |     RCLCPP_INFO(this->get_logger(), "OxTs size: '[01;36m[K%i[m[K'", oxts_parsed_array.size());
      |                                                  [01;36m[K~^[m[K
      |                                                   [01;36m[K|[m[K
      |                                                   [01;36m[Kint[m[K
      |                                                  [32m[K%li[m[K
In file included from [01m[K/opt/ros/humble/include/rclcpp/rclcpp/logging.hpp:24[m[K,
                 from [01m[K/opt/ros/humble/include/rclcpp/rclcpp/client.hpp:40[m[K,
                 from [01m[K/opt/ros/humble/include/rclcpp/rclcpp/callback_group.hpp:24[m[K,
                 from [01m[K/opt/ros/humble/include/rclcpp/rclcpp/any_executable.hpp:20[m[K,
                 from [01m[K/opt/ros/humble/include/rclcpp/rclcpp/memory_strategy.hpp:25[m[K,
                 from [01m[K/opt/ros/humble/include/rclcpp/rclcpp/memory_strategies.hpp:18[m[K,
                 from [01m[K/opt/ros/humble/include/rclcpp/rclcpp/executor_options.hpp:20[m[K,
                 from [01m[K/opt/ros/humble/include/rclcpp/rclcpp/executor.hpp:37[m[K,
                 from [01m[K/opt/ros/humble/include/rclcpp/rclcpp/executors/multi_threaded_executor.hpp:25[m[K,
                 from [01m[K/opt/ros/humble/include/rclcpp/rclcpp/executors.hpp:21[m[K,
                 from [01m[K/opt/ros/humble/include/rclcpp/rclcpp/rclcpp.hpp:155[m[K,
                 from [01m[K/home/lixi/ros2_ws/src/ros2_kitti_publishers/include/ros2_kitti_publishers/kitti_publishers_node.hpp:19[m[K,
                 from [01m[K/home/lixi/ros2_ws/src/ros2_kitti_publishers/src/node/kitti_publishers_node.cpp:3[m[K:
[01m[K/home/lixi/ros2_ws/src/ros2_kitti_publishers/src/node/kitti_publishers_node.cpp:[m[K In member function ‘[01m[Kstd::string KittiPublishersNode::get_path(KittiPublishersNode::PublisherType)[m[K’:
[01m[K/home/lixi/ros2_ws/src/ros2_kitti_publishers/src/node/kitti_publishers_node.cpp:120:35:[m[K [01;35m[Kwarning: [m[Kformat ‘[01m[K%i[m[K’ expects argument of type ‘[01m[Kint[m[K’, but argument 5 has type ‘[01m[KKittiPublishersNode::PublisherType[m[K’ [[01;35m[K]8;;https://gcc.gnu.org/onlinedocs/gcc/Warning-Options.html#index-Wformat=-Wformat=]8;;[m[K]
  120 |   RCLCPP_INFO(this->get_logger(), [01;35m[K"get_path: '%i'"[m[K, [32m[Kpublisher_type[m[K);
      |                                   [01;35m[K^~~~~~~~~~~~~~~~[m[K  [32m[K~~~~~~~~~~~~~~[m[K
      |                                                     [32m[K|[m[K
      |                                                     [32m[KKittiPublishersNode::PublisherType[m[K
[01m[K/home/lixi/ros2_ws/src/ros2_kitti_publishers/src/node/kitti_publishers_node.cpp:120:48:[m[K [01;36m[Knote: [m[Kformat string is defined here
  120 |   RCLCPP_INFO(this->get_logger(), "get_path: '[01;36m[K%i[m[K'", publisher_type);
      |                                               [01;36m[K~^[m[K
      |                                                [01;36m[K|[m[K
      |                                                [01;36m[Kint[m[K
[ 50%] [32m[1mLinking CXX shared library libros2_kitti_publishers.so[0m
[ 50%] Built target ros2_kitti_publishers
[ 75%] [32mBuilding CXX object CMakeFiles/kitti_publishers.dir/src/kitti_publishers_main.cpp.o[0m
[100%] [32m[1mLinking CXX executable kitti_publishers[0m
[100%] Built target kitti_publishers
-- Install configuration: ""
-- Installing: /home/lixi/ros2_ws/install/ros2_kitti_publishers/include/
-- Installing: /home/lixi/ros2_ws/install/ros2_kitti_publishers/include//ros2_kitti_publishers
-- Installing: /home/lixi/ros2_ws/install/ros2_kitti_publishers/include//ros2_kitti_publishers/WGS84toCartesian.hpp
-- Installing: /home/lixi/ros2_ws/install/ros2_kitti_publishers/include//ros2_kitti_publishers/visibility.h
-- Installing: /home/lixi/ros2_ws/install/ros2_kitti_publishers/include//ros2_kitti_publishers/kitti_publishers_node.hpp
-- Installing: /home/lixi/ros2_ws/install/ros2_kitti_publishers/share/ros2_kitti_publishers/launch
-- Installing: /home/lixi/ros2_ws/install/ros2_kitti_publishers/share/ros2_kitti_publishers/launch/README.md
-- Installing: /home/lixi/ros2_ws/install/ros2_kitti_publishers/lib/libros2_kitti_publishers.so
-- Set runtime path of "/home/lixi/ros2_ws/install/ros2_kitti_publishers/lib/libros2_kitti_publishers.so" to ""
-- Installing: /home/lixi/ros2_ws/install/ros2_kitti_publishers/lib/ros2_kitti_publishers/kitti_publishers
-- Set runtime path of "/home/lixi/ros2_ws/install/ros2_kitti_publishers/lib/ros2_kitti_publishers/kitti_publishers" to ""
-- Installing: /home/lixi/ros2_ws/install/ros2_kitti_publishers/share/ament_index/resource_index/package_run_dependencies/ros2_kitti_publishers
-- Installing: /home/lixi/ros2_ws/install/ros2_kitti_publishers/share/ament_index/resource_index/parent_prefix_path/ros2_kitti_publishers
-- Installing: /home/lixi/ros2_ws/install/ros2_kitti_publishers/share/ros2_kitti_publishers/environment/ament_prefix_path.sh
-- Installing: /home/lixi/ros2_ws/install/ros2_kitti_publishers/share/ros2_kitti_publishers/environment/ament_prefix_path.dsv
-- Installing: /home/lixi/ros2_ws/install/ros2_kitti_publishers/share/ros2_kitti_publishers/environment/path.sh
-- Installing: /home/lixi/ros2_ws/install/ros2_kitti_publishers/share/ros2_kitti_publishers/environment/path.dsv
-- Installing: /home/lixi/ros2_ws/install/ros2_kitti_publishers/share/ros2_kitti_publishers/local_setup.bash
-- Installing: /home/lixi/ros2_ws/install/ros2_kitti_publishers/share/ros2_kitti_publishers/local_setup.sh
-- Installing: /home/lixi/ros2_ws/install/ros2_kitti_publishers/share/ros2_kitti_publishers/local_setup.zsh
-- Installing: /home/lixi/ros2_ws/install/ros2_kitti_publishers/share/ros2_kitti_publishers/local_setup.dsv
-- Installing: /home/lixi/ros2_ws/install/ros2_kitti_publishers/share/ros2_kitti_publishers/package.dsv
-- Installing: /home/lixi/ros2_ws/install/ros2_kitti_publishers/share/ament_index/resource_index/packages/ros2_kitti_publishers
-- Installing: /home/lixi/ros2_ws/install/ros2_kitti_publishers/share/ros2_kitti_publishers/cmake/ros2_kitti_publishersConfig.cmake
-- Installing: /home/lixi/ros2_ws/install/ros2_kitti_publishers/share/ros2_kitti_publishers/cmake/ros2_kitti_publishersConfig-version.cmake
-- Installing: /home/lixi/ros2_ws/install/ros2_kitti_publishers/share/ros2_kitti_publishers/package.xml
