[0.009s] Invoking command in '/home/lixi/ros2_ws/build/ros2_kitti_publishers': CMAKE_PREFIX_PATH=/opt/ros/humble /usr/bin/cmake /home/lixi/ros2_ws/src/ros2_kitti_publishers -DCMAKE_INSTALL_PREFIX=/home/lixi/ros2_ws/install/ros2_kitti_publishers
[0.136s] -- The C compiler identification is GNU 11.4.0
[0.333s] -- The CXX compiler identification is GNU 11.4.0
[0.446s] -- Detecting C compiler ABI info
[0.518s] -- Detecting C compiler ABI info - done
[0.523s] -- Check for working C compiler: /usr/bin/cc - skipped
[0.524s] -- Detecting C compile features
[0.524s] -- Detecting C compile features - done
[0.527s] -- Detecting CXX compiler ABI info
[0.597s] -- Detecting CXX compiler ABI info - done
[0.602s] -- Check for working CXX compiler: /usr/bin/c++ - skipped
[0.602s] -- Detecting CXX compile features
[0.602s] -- Detecting CXX compile features - done
[0.605s] -- Looking for pthread.h
[0.675s] -- Looking for pthread.h - found
[0.675s] -- Performing Test CMAKE_HAVE_LIBC_PTHREAD
[0.743s] -- Performing Test CMAKE_HAVE_LIBC_PTHREAD - Success
[0.745s] -- Found Threads: TRUE  
[0.751s] -- Found ament_cmake: 1.3.14 (/opt/ros/humble/share/ament_cmake/cmake)
[0.837s] -- Found Python3: /usr/bin/python3 (found version "3.10.12") found components: Interpreter 
[0.904s] -- Found rclcpp: 16.0.18 (/opt/ros/humble/share/rclcpp/cmake)
[0.989s] -- Found rosidl_generator_c: 3.1.8 (/opt/ros/humble/share/rosidl_generator_c/cmake)
[0.993s] -- Found rosidl_adapter: 3.1.8 (/opt/ros/humble/share/rosidl_adapter/cmake)
[1.000s] -- Found rosidl_generator_cpp: 3.1.8 (/opt/ros/humble/share/rosidl_generator_cpp/cmake)
[1.012s] -- Using all available rosidl_typesupport_c: rosidl_typesupport_fastrtps_c;rosidl_typesupport_introspection_c
[1.026s] -- Using all available rosidl_typesupport_cpp: rosidl_typesupport_fastrtps_cpp;rosidl_typesupport_introspection_cpp
[1.061s] -- Found rmw_implementation_cmake: 6.1.2 (/opt/ros/humble/share/rmw_implementation_cmake/cmake)
[1.064s] -- Found rmw_fastrtps_cpp: 6.2.10 (/opt/ros/humble/share/rmw_fastrtps_cpp/cmake)
[1.592s] -- Found OpenSSL: /usr/lib/x86_64-linux-gnu/libcrypto.so (found version "3.0.2")  
[2.081s] -- Found FastRTPS: /opt/ros/humble/include  
[2.970s] -- Using RMW implementation 'rmw_fastrtps_cpp' as default
[3.018s] -- Found rclcpp_action: 16.0.18 (/opt/ros/humble/share/rclcpp_action/cmake)
[3.047s] -- Found rclcpp_lifecycle: 16.0.18 (/opt/ros/humble/share/rclcpp_lifecycle/cmake)
[3.063s] -- Found pluginlib: 5.1.3 (/opt/ros/humble/share/pluginlib/cmake)
[3.535s] -- Found geometry_msgs: 4.9.1 (/opt/ros/humble/share/geometry_msgs/cmake)
[3.547s] -- Found sensor_msgs: 4.9.1 (/opt/ros/humble/share/sensor_msgs/cmake)
[3.561s] -- Found shape_msgs: 4.9.1 (/opt/ros/humble/share/shape_msgs/cmake)
[3.574s] -- Found tf2: 0.25.19 (/opt/ros/humble/share/tf2/cmake)
[3.577s] -- Found tf2_geometry_msgs: 0.25.19 (/opt/ros/humble/share/tf2_geometry_msgs/cmake)
[3.597s] -- Found eigen3_cmake_module: 0.1.1 (/opt/ros/humble/share/eigen3_cmake_module/cmake)
[3.598s] -- Found Eigen3: TRUE (found version "3.4.0") 
[3.598s] -- Ensuring Eigen3 include directory is part of orocos-kdl CMake target
[3.642s] -- Found visualization_msgs: 4.9.1 (/opt/ros/humble/share/visualization_msgs/cmake)
[3.656s] -- Found pcl_conversions: 2.4.5 (/opt/ros/humble/share/pcl_conversions/cmake)
[3.680s] -- Checking for module 'eigen3'
[3.686s] --   Found eigen3, version 3.4.0
[3.702s] -- Found Eigen: /usr/include/eigen3 (Required is at least version "3.1") 
[3.702s] -- Eigen found (include: /usr/include/eigen3, version: 3.4.0)
[4.187s] -- Checking for module 'flann'
[4.194s] --   Found flann, version 1.9.1
[4.320s] -- Found FLANN: /usr/lib/x86_64-linux-gnu/libflann_cpp.so  
[4.320s] -- FLANN found (include: /usr/include, lib: /usr/lib/x86_64-linux-gnu/libflann_cpp.so)
[6.251s] -- Checking for module 'libusb-1.0'
[6.258s] --   Found libusb-1.0, version 1.0.25
[6.301s] -- Found libusb: /usr/lib/x86_64-linux-gnu/libusb-1.0.so  
[6.302s] -- OpenNI found (version: 1.5.4.0, include: /usr/include/ni, lib: /usr/lib/libOpenNI.so;libusb::libusb)
[6.380s] -- OpenNI2 found (version: 2.2.0.33, include: /usr/include/openni2, lib: /usr/lib/x86_64-linux-gnu/libOpenNI2.so;libusb::libusb)
[7.114s] -- Eigen found (include: /usr/include/eigen3, version: 3.4.0)
[7.117s] -- OpenNI found (version: 1.5.4.0, include: /usr/include/ni, lib: /usr/lib/libOpenNI.so;libusb::libusb)
[7.121s] -- OpenNI2 found (version: 2.2.0.33, include: /usr/include/openni2, lib: /usr/lib/x86_64-linux-gnu/libOpenNI2.so;libusb::libusb)
[7.880s] -- Found Qhull version 8.0.2
[8.587s] -- OpenNI found (version: 1.5.4.0, include: /usr/include/ni, lib: /usr/lib/libOpenNI.so;libusb::libusb)
[9.309s] -- Found PCL_COMMON: /usr/lib/x86_64-linux-gnu/libpcl_common.so  
[9.309s] -- Found PCL_KDTREE: /usr/lib/x86_64-linux-gnu/libpcl_kdtree.so  
[9.309s] -- Found PCL_OCTREE: /usr/lib/x86_64-linux-gnu/libpcl_octree.so  
[9.310s] -- Found PCL_SEARCH: /usr/lib/x86_64-linux-gnu/libpcl_search.so  
[9.310s] -- Found PCL_SAMPLE_CONSENSUS: /usr/lib/x86_64-linux-gnu/libpcl_sample_consensus.so  
[9.311s] -- Found PCL_FILTERS: /usr/lib/x86_64-linux-gnu/libpcl_filters.so  
[9.311s] -- Found PCL_2D: /usr/include/pcl-1.12  
[9.312s] -- Found PCL_GEOMETRY: /usr/include/pcl-1.12  
[9.312s] -- Found PCL_IO: /usr/lib/x86_64-linux-gnu/libpcl_io.so  
[9.312s] -- Found PCL_FEATURES: /usr/lib/x86_64-linux-gnu/libpcl_features.so  
[9.313s] -- Found PCL_ML: /usr/lib/x86_64-linux-gnu/libpcl_ml.so  
[9.313s] -- Found PCL_SEGMENTATION: /usr/lib/x86_64-linux-gnu/libpcl_segmentation.so  
[9.314s] -- Found PCL_VISUALIZATION: /usr/lib/x86_64-linux-gnu/libpcl_visualization.so  
[9.314s] -- Found PCL_SURFACE: /usr/lib/x86_64-linux-gnu/libpcl_surface.so  
[9.315s] -- Found PCL_REGISTRATION: /usr/lib/x86_64-linux-gnu/libpcl_registration.so  
[9.315s] -- Found PCL_KEYPOINTS: /usr/lib/x86_64-linux-gnu/libpcl_keypoints.so  
[9.316s] -- Found PCL_TRACKING: /usr/lib/x86_64-linux-gnu/libpcl_tracking.so  
[9.316s] -- Found PCL_RECOGNITION: /usr/lib/x86_64-linux-gnu/libpcl_recognition.so  
[9.317s] -- Found PCL_STEREO: /usr/lib/x86_64-linux-gnu/libpcl_stereo.so  
[9.317s] -- Found PCL_APPS: /usr/lib/x86_64-linux-gnu/libpcl_apps.so  
[9.318s] -- Found PCL_IN_HAND_SCANNER: /usr/include/pcl-1.12  
[9.318s] -- Found PCL_MODELER: /usr/include/pcl-1.12  
[9.327s] -- Found PCL_POINT_CLOUD_EDITOR: /usr/include/pcl-1.12  
[9.328s] -- Found PCL_OUTOFCORE: /usr/lib/x86_64-linux-gnu/libpcl_outofcore.so  
[9.328s] -- Found PCL_PEOPLE: /usr/lib/x86_64-linux-gnu/libpcl_people.so  
[9.336s] -- Found OpenCV: /usr (found version "4.5.4") 
[9.340s] -- Found Boost: /usr/lib/x86_64-linux-gnu/cmake/Boost-1.74.0/BoostConfig.cmake (found version "1.74.0") found components: system 
[9.340s] [33mCMake Warning (dev) at CMakeLists.txt:37 (find_package):
[9.340s]   Policy CMP0074 is not set: find_package uses <PackageName>_ROOT variables.
[9.340s]   Run "cmake --help-policy CMP0074" for policy details.  Use the cmake_policy
[9.340s]   command to set the policy and suppress this warning.
[9.340s] 
[9.340s]   CMake variable PCL_ROOT is set to:
[9.340s] 
[9.340s]     /usr
[9.340s] 
[9.340s]   For compatibility, CMake is ignoring the variable.
[9.340s] This warning is for project developers.  Use -Wno-dev to suppress it.
[9.340s] [0m
[9.395s] -- Configuring done
[9.460s] -- Generating done
[9.470s] -- Build files have been written to: /home/lixi/ros2_ws/build/ros2_kitti_publishers
[9.482s] Invoked command in '/home/lixi/ros2_ws/build/ros2_kitti_publishers' returned '0': CMAKE_PREFIX_PATH=/opt/ros/humble /usr/bin/cmake /home/lixi/ros2_ws/src/ros2_kitti_publishers -DCMAKE_INSTALL_PREFIX=/home/lixi/ros2_ws/install/ros2_kitti_publishers
[9.483s] Invoking command in '/home/lixi/ros2_ws/build/ros2_kitti_publishers': CMAKE_PREFIX_PATH=/opt/ros/humble /usr/bin/cmake --build /home/lixi/ros2_ws/build/ros2_kitti_publishers -- -j20 -l20
[9.513s] [ 25%] [32mBuilding CXX object CMakeFiles/ros2_kitti_publishers.dir/src/node/kitti_publishers_node.cpp.o[0m
[13.261s] In file included from [01m[K/opt/ros/humble/include/rclcpp/rclcpp/logging.hpp:24[m[K,
[13.261s]                  from [01m[K/opt/ros/humble/include/rclcpp/rclcpp/client.hpp:40[m[K,
[13.262s]                  from [01m[K/opt/ros/humble/include/rclcpp/rclcpp/callback_group.hpp:24[m[K,
[13.262s]                  from [01m[K/opt/ros/humble/include/rclcpp/rclcpp/any_executable.hpp:20[m[K,
[13.262s]                  from [01m[K/opt/ros/humble/include/rclcpp/rclcpp/memory_strategy.hpp:25[m[K,
[13.262s]                  from [01m[K/opt/ros/humble/include/rclcpp/rclcpp/memory_strategies.hpp:18[m[K,
[13.262s]                  from [01m[K/opt/ros/humble/include/rclcpp/rclcpp/executor_options.hpp:20[m[K,
[13.262s]                  from [01m[K/opt/ros/humble/include/rclcpp/rclcpp/executor.hpp:37[m[K,
[13.262s]                  from [01m[K/opt/ros/humble/include/rclcpp/rclcpp/executors/multi_threaded_executor.hpp:25[m[K,
[13.262s]                  from [01m[K/opt/ros/humble/include/rclcpp/rclcpp/executors.hpp:21[m[K,
[13.262s]                  from [01m[K/opt/ros/humble/include/rclcpp/rclcpp/rclcpp.hpp:155[m[K,
[13.262s]                  from [01m[K/home/lixi/ros2_ws/src/ros2_kitti_publishers/include/ros2_kitti_publishers/kitti_publishers_node.hpp:19[m[K,
[13.262s]                  from [01m[K/home/lixi/ros2_ws/src/ros2_kitti_publishers/src/node/kitti_publishers_node.cpp:3[m[K:
[13.262s] [01m[K/home/lixi/ros2_ws/src/ros2_kitti_publishers/src/node/kitti_publishers_node.cpp:[m[K In member function ‘[01m[Kvoid KittiPublishersNode::on_timer_callback()[m[K’:
[13.262s] [01m[K/home/lixi/ros2_ws/src/ros2_kitti_publishers/src/node/kitti_publishers_node.cpp:60:37:[m[K [01;35m[Kwarning: [m[Kformat ‘[01m[K%i[m[K’ expects argument of type ‘[01m[Kint[m[K’, but argument 5 has type ‘[01m[Kstd::vector<std::__cxx11::basic_string<char> >::size_type[m[K’ {aka ‘[01m[Klong unsigned int[m[K’} [[01;35m[K]8;;https://gcc.gnu.org/onlinedocs/gcc/Warning-Options.html#index-Wformat=-Wformat=]8;;[m[K]
[13.262s]    60 |     RCLCPP_INFO(this->get_logger(), [01;35m[K"OxTs size: '%i'"[m[K, [32m[Koxts_parsed_array.size()[m[K);
[13.262s]       |                                     [01;35m[K^~~~~~~~~~~~~~~~~[m[K  [32m[K~~~~~~~~~~~~~~~~~~~~~~~~[m[K
[13.262s]       |                                                                              [32m[K|[m[K
[13.262s]       |                                                                              [32m[Kstd::vector<std::__cxx11::basic_string<char> >::size_type {aka long unsigned int}[m[K
[13.262s] [01m[K/home/lixi/ros2_ws/src/ros2_kitti_publishers/src/node/kitti_publishers_node.cpp:60:51:[m[K [01;36m[Knote: [m[Kformat string is defined here
[13.262s]    60 |     RCLCPP_INFO(this->get_logger(), "OxTs size: '[01;36m[K%i[m[K'", oxts_parsed_array.size());
[13.262s]       |                                                  [01;36m[K~^[m[K
[13.262s]       |                                                   [01;36m[K|[m[K
[13.262s]       |                                                   [01;36m[Kint[m[K
[13.262s]       |                                                  [32m[K%li[m[K
[13.280s] In file included from [01m[K/opt/ros/humble/include/rclcpp/rclcpp/logging.hpp:24[m[K,
[13.280s]                  from [01m[K/opt/ros/humble/include/rclcpp/rclcpp/client.hpp:40[m[K,
[13.280s]                  from [01m[K/opt/ros/humble/include/rclcpp/rclcpp/callback_group.hpp:24[m[K,
[13.280s]                  from [01m[K/opt/ros/humble/include/rclcpp/rclcpp/any_executable.hpp:20[m[K,
[13.280s]                  from [01m[K/opt/ros/humble/include/rclcpp/rclcpp/memory_strategy.hpp:25[m[K,
[13.280s]                  from [01m[K/opt/ros/humble/include/rclcpp/rclcpp/memory_strategies.hpp:18[m[K,
[13.280s]                  from [01m[K/opt/ros/humble/include/rclcpp/rclcpp/executor_options.hpp:20[m[K,
[13.280s]                  from [01m[K/opt/ros/humble/include/rclcpp/rclcpp/executor.hpp:37[m[K,
[13.280s]                  from [01m[K/opt/ros/humble/include/rclcpp/rclcpp/executors/multi_threaded_executor.hpp:25[m[K,
[13.280s]                  from [01m[K/opt/ros/humble/include/rclcpp/rclcpp/executors.hpp:21[m[K,
[13.281s]                  from [01m[K/opt/ros/humble/include/rclcpp/rclcpp/rclcpp.hpp:155[m[K,
[13.281s]                  from [01m[K/home/lixi/ros2_ws/src/ros2_kitti_publishers/include/ros2_kitti_publishers/kitti_publishers_node.hpp:19[m[K,
[13.281s]                  from [01m[K/home/lixi/ros2_ws/src/ros2_kitti_publishers/src/node/kitti_publishers_node.cpp:3[m[K:
[13.281s] [01m[K/home/lixi/ros2_ws/src/ros2_kitti_publishers/src/node/kitti_publishers_node.cpp:[m[K In member function ‘[01m[Kstd::string KittiPublishersNode::get_path(KittiPublishersNode::PublisherType)[m[K’:
[13.281s] [01m[K/home/lixi/ros2_ws/src/ros2_kitti_publishers/src/node/kitti_publishers_node.cpp:120:35:[m[K [01;35m[Kwarning: [m[Kformat ‘[01m[K%i[m[K’ expects argument of type ‘[01m[Kint[m[K’, but argument 5 has type ‘[01m[KKittiPublishersNode::PublisherType[m[K’ [[01;35m[K]8;;https://gcc.gnu.org/onlinedocs/gcc/Warning-Options.html#index-Wformat=-Wformat=]8;;[m[K]
[13.281s]   120 |   RCLCPP_INFO(this->get_logger(), [01;35m[K"get_path: '%i'"[m[K, [32m[Kpublisher_type[m[K);
[13.281s]       |                                   [01;35m[K^~~~~~~~~~~~~~~~[m[K  [32m[K~~~~~~~~~~~~~~[m[K
[13.281s]       |                                                     [32m[K|[m[K
[13.281s]       |                                                     [32m[KKittiPublishersNode::PublisherType[m[K
[13.281s] [01m[K/home/lixi/ros2_ws/src/ros2_kitti_publishers/src/node/kitti_publishers_node.cpp:120:48:[m[K [01;36m[Knote: [m[Kformat string is defined here
[13.281s]   120 |   RCLCPP_INFO(this->get_logger(), "get_path: '[01;36m[K%i[m[K'", publisher_type);
[13.281s]       |                                               [01;36m[K~^[m[K
[13.281s]       |                                                [01;36m[K|[m[K
[13.281s]       |                                                [01;36m[Kint[m[K
[16.104s] [ 50%] [32m[1mLinking CXX shared library libros2_kitti_publishers.so[0m
[16.601s] [ 50%] Built target ros2_kitti_publishers
[16.612s] [ 75%] [32mBuilding CXX object CMakeFiles/kitti_publishers.dir/src/kitti_publishers_main.cpp.o[0m
[20.422s] [100%] [32m[1mLinking CXX executable kitti_publishers[0m
[20.967s] [100%] Built target kitti_publishers
[20.974s] Invoked command in '/home/lixi/ros2_ws/build/ros2_kitti_publishers' returned '0': CMAKE_PREFIX_PATH=/opt/ros/humble /usr/bin/cmake --build /home/lixi/ros2_ws/build/ros2_kitti_publishers -- -j20 -l20
[20.980s] Invoking command in '/home/lixi/ros2_ws/build/ros2_kitti_publishers': CMAKE_PREFIX_PATH=/opt/ros/humble /usr/bin/cmake --install /home/lixi/ros2_ws/build/ros2_kitti_publishers
[20.983s] -- Install configuration: ""
[20.983s] -- Installing: /home/lixi/ros2_ws/install/ros2_kitti_publishers/include/
[20.984s] -- Installing: /home/lixi/ros2_ws/install/ros2_kitti_publishers/include//ros2_kitti_publishers
[20.984s] -- Installing: /home/lixi/ros2_ws/install/ros2_kitti_publishers/include//ros2_kitti_publishers/WGS84toCartesian.hpp
[20.984s] -- Installing: /home/lixi/ros2_ws/install/ros2_kitti_publishers/include//ros2_kitti_publishers/visibility.h
[20.984s] -- Installing: /home/lixi/ros2_ws/install/ros2_kitti_publishers/include//ros2_kitti_publishers/kitti_publishers_node.hpp
[20.984s] -- Installing: /home/lixi/ros2_ws/install/ros2_kitti_publishers/share/ros2_kitti_publishers/launch
[20.984s] -- Installing: /home/lixi/ros2_ws/install/ros2_kitti_publishers/share/ros2_kitti_publishers/launch/README.md
[20.985s] -- Installing: /home/lixi/ros2_ws/install/ros2_kitti_publishers/lib/libros2_kitti_publishers.so
[20.986s] -- Set runtime path of "/home/lixi/ros2_ws/install/ros2_kitti_publishers/lib/libros2_kitti_publishers.so" to ""
[20.986s] -- Installing: /home/lixi/ros2_ws/install/ros2_kitti_publishers/lib/ros2_kitti_publishers/kitti_publishers
[20.986s] -- Set runtime path of "/home/lixi/ros2_ws/install/ros2_kitti_publishers/lib/ros2_kitti_publishers/kitti_publishers" to ""
[20.987s] -- Installing: /home/lixi/ros2_ws/install/ros2_kitti_publishers/share/ament_index/resource_index/package_run_dependencies/ros2_kitti_publishers
[20.987s] -- Installing: /home/lixi/ros2_ws/install/ros2_kitti_publishers/share/ament_index/resource_index/parent_prefix_path/ros2_kitti_publishers
[20.987s] -- Installing: /home/lixi/ros2_ws/install/ros2_kitti_publishers/share/ros2_kitti_publishers/environment/ament_prefix_path.sh
[20.987s] -- Installing: /home/lixi/ros2_ws/install/ros2_kitti_publishers/share/ros2_kitti_publishers/environment/ament_prefix_path.dsv
[20.987s] -- Installing: /home/lixi/ros2_ws/install/ros2_kitti_publishers/share/ros2_kitti_publishers/environment/path.sh
[20.987s] -- Installing: /home/lixi/ros2_ws/install/ros2_kitti_publishers/share/ros2_kitti_publishers/environment/path.dsv
[20.988s] -- Installing: /home/lixi/ros2_ws/install/ros2_kitti_publishers/share/ros2_kitti_publishers/local_setup.bash
[20.988s] -- Installing: /home/lixi/ros2_ws/install/ros2_kitti_publishers/share/ros2_kitti_publishers/local_setup.sh
[20.988s] -- Installing: /home/lixi/ros2_ws/install/ros2_kitti_publishers/share/ros2_kitti_publishers/local_setup.zsh
[20.988s] -- Installing: /home/lixi/ros2_ws/install/ros2_kitti_publishers/share/ros2_kitti_publishers/local_setup.dsv
[20.988s] -- Installing: /home/lixi/ros2_ws/install/ros2_kitti_publishers/share/ros2_kitti_publishers/package.dsv
[20.988s] -- Installing: /home/lixi/ros2_ws/install/ros2_kitti_publishers/share/ament_index/resource_index/packages/ros2_kitti_publishers
[20.988s] -- Installing: /home/lixi/ros2_ws/install/ros2_kitti_publishers/share/ros2_kitti_publishers/cmake/ros2_kitti_publishersConfig.cmake
[20.988s] -- Installing: /home/lixi/ros2_ws/install/ros2_kitti_publishers/share/ros2_kitti_publishers/cmake/ros2_kitti_publishersConfig-version.cmake
[20.989s] -- Installing: /home/lixi/ros2_ws/install/ros2_kitti_publishers/share/ros2_kitti_publishers/package.xml
[20.990s] Invoked command in '/home/lixi/ros2_ws/build/ros2_kitti_publishers' returned '0': CMAKE_PREFIX_PATH=/opt/ros/humble /usr/bin/cmake --install /home/lixi/ros2_ws/build/ros2_kitti_publishers
