[0.086s] DEBUG:colcon:Command line arguments: ['/usr/bin/colcon', 'build', '--cmake-clean-cache']
[0.086s] DEBUG:colcon:Parsed command line arguments: Namespace(log_base=None, log_level=None, verb_name='build', build_base='build', install_base='install', merge_install=False, symlink_install=False, test_result_base=None, continue_on_error=False, executor='parallel', parallel_workers=20, event_handlers=None, ignore_user_meta=False, metas=['./colcon.meta'], base_paths=['.'], packages_ignore=None, packages_ignore_regex=None, paths=None, packages_up_to=None, packages_up_to_regex=None, packages_above=None, packages_above_and_dependencies=None, packages_above_depth=None, packages_select_by_dep=None, packages_skip_by_dep=None, packages_skip_up_to=None, packages_select_build_failed=False, packages_skip_build_finished=False, packages_select_test_failures=False, packages_skip_test_passed=False, packages_select=None, packages_skip=None, packages_select_regex=None, packages_skip_regex=None, packages_start=None, packages_end=None, allow_overriding=[], cmake_args=None, cmake_target=None, cmake_target_skip_unavailable=False, cmake_clean_cache=True, cmake_clean_first=False, cmake_force_configure=False, ament_cmake_args=None, catkin_cmake_args=None, catkin_skip_building_tests=False, verb_parser=<colcon_defaults.argument_parser.defaults.DefaultArgumentsDecorator object at 0x7465fb5ceef0>, verb_extension=<colcon_core.verb.build.BuildVerb object at 0x7465fb780850>, main=<bound method BuildVerb.main of <colcon_core.verb.build.BuildVerb object at 0x7465fb780850>>)
[0.164s] Level 1:colcon.colcon_core.package_discovery:discover_packages(colcon_meta) check parameters
[0.164s] Level 1:colcon.colcon_core.package_discovery:discover_packages(recursive) check parameters
[0.164s] Level 1:colcon.colcon_core.package_discovery:discover_packages(ignore) check parameters
[0.164s] Level 1:colcon.colcon_core.package_discovery:discover_packages(path) check parameters
[0.164s] Level 1:colcon.colcon_core.package_discovery:discover_packages(colcon_meta) discover
[0.164s] Level 1:colcon.colcon_core.package_discovery:discover_packages(recursive) discover
[0.164s] INFO:colcon.colcon_core.package_discovery:Crawling recursively for packages in '/home/lixi/ros2_ws'
[0.164s] Level 1:colcon.colcon_core.package_identification:_identify(.) by extensions ['ignore', 'ignore_ament_install']
[0.164s] Level 1:colcon.colcon_core.package_identification:_identify(.) by extension 'ignore'
[0.164s] Level 1:colcon.colcon_core.package_identification:_identify(.) by extension 'ignore_ament_install'
[0.164s] Level 1:colcon.colcon_core.package_identification:_identify(.) by extensions ['colcon_pkg']
[0.164s] Level 1:colcon.colcon_core.package_identification:_identify(.) by extension 'colcon_pkg'
[0.164s] Level 1:colcon.colcon_core.package_identification:_identify(.) by extensions ['colcon_meta']
[0.164s] Level 1:colcon.colcon_core.package_identification:_identify(.) by extension 'colcon_meta'
[0.164s] Level 1:colcon.colcon_core.package_identification:_identify(.) by extensions ['ros']
[0.164s] Level 1:colcon.colcon_core.package_identification:_identify(.) by extension 'ros'
[0.171s] Level 1:colcon.colcon_core.package_identification:_identify(.) by extensions ['cmake', 'python']
[0.171s] Level 1:colcon.colcon_core.package_identification:_identify(.) by extension 'cmake'
[0.171s] Level 1:colcon.colcon_core.package_identification:_identify(.) by extension 'python'
[0.171s] Level 1:colcon.colcon_core.package_identification:_identify(.) by extensions ['python_setup_py']
[0.171s] Level 1:colcon.colcon_core.package_identification:_identify(.) by extension 'python_setup_py'
[0.171s] Level 1:colcon.colcon_core.package_identification:_identify(build) by extensions ['ignore', 'ignore_ament_install']
[0.171s] Level 1:colcon.colcon_core.package_identification:_identify(build) by extension 'ignore'
[0.171s] Level 1:colcon.colcon_core.package_identification:_identify(build) ignored
[0.171s] Level 1:colcon.colcon_core.package_identification:_identify(data) by extensions ['ignore', 'ignore_ament_install']
[0.171s] Level 1:colcon.colcon_core.package_identification:_identify(data) by extension 'ignore'
[0.171s] Level 1:colcon.colcon_core.package_identification:_identify(data) by extension 'ignore_ament_install'
[0.171s] Level 1:colcon.colcon_core.package_identification:_identify(data) by extensions ['colcon_pkg']
[0.171s] Level 1:colcon.colcon_core.package_identification:_identify(data) by extension 'colcon_pkg'
[0.171s] Level 1:colcon.colcon_core.package_identification:_identify(data) by extensions ['colcon_meta']
[0.171s] Level 1:colcon.colcon_core.package_identification:_identify(data) by extension 'colcon_meta'
[0.171s] Level 1:colcon.colcon_core.package_identification:_identify(data) by extensions ['ros']
[0.171s] Level 1:colcon.colcon_core.package_identification:_identify(data) by extension 'ros'
[0.171s] Level 1:colcon.colcon_core.package_identification:_identify(data) by extensions ['cmake', 'python']
[0.171s] Level 1:colcon.colcon_core.package_identification:_identify(data) by extension 'cmake'
[0.171s] Level 1:colcon.colcon_core.package_identification:_identify(data) by extension 'python'
[0.171s] Level 1:colcon.colcon_core.package_identification:_identify(data) by extensions ['python_setup_py']
[0.171s] Level 1:colcon.colcon_core.package_identification:_identify(data) by extension 'python_setup_py'
[0.171s] Level 1:colcon.colcon_core.package_identification:_identify(data/2011_09_26_drive_0001_sync) by extensions ['ignore', 'ignore_ament_install']
[0.172s] Level 1:colcon.colcon_core.package_identification:_identify(data/2011_09_26_drive_0001_sync) by extension 'ignore'
[0.172s] Level 1:colcon.colcon_core.package_identification:_identify(data/2011_09_26_drive_0001_sync) by extension 'ignore_ament_install'
[0.172s] Level 1:colcon.colcon_core.package_identification:_identify(data/2011_09_26_drive_0001_sync) by extensions ['colcon_pkg']
[0.172s] Level 1:colcon.colcon_core.package_identification:_identify(data/2011_09_26_drive_0001_sync) by extension 'colcon_pkg'
[0.172s] Level 1:colcon.colcon_core.package_identification:_identify(data/2011_09_26_drive_0001_sync) by extensions ['colcon_meta']
[0.172s] Level 1:colcon.colcon_core.package_identification:_identify(data/2011_09_26_drive_0001_sync) by extension 'colcon_meta'
[0.172s] Level 1:colcon.colcon_core.package_identification:_identify(data/2011_09_26_drive_0001_sync) by extensions ['ros']
[0.172s] Level 1:colcon.colcon_core.package_identification:_identify(data/2011_09_26_drive_0001_sync) by extension 'ros'
[0.172s] Level 1:colcon.colcon_core.package_identification:_identify(data/2011_09_26_drive_0001_sync) by extensions ['cmake', 'python']
[0.172s] Level 1:colcon.colcon_core.package_identification:_identify(data/2011_09_26_drive_0001_sync) by extension 'cmake'
[0.172s] Level 1:colcon.colcon_core.package_identification:_identify(data/2011_09_26_drive_0001_sync) by extension 'python'
[0.172s] Level 1:colcon.colcon_core.package_identification:_identify(data/2011_09_26_drive_0001_sync) by extensions ['python_setup_py']
[0.172s] Level 1:colcon.colcon_core.package_identification:_identify(data/2011_09_26_drive_0001_sync) by extension 'python_setup_py'
[0.172s] Level 1:colcon.colcon_core.package_identification:_identify(data/2011_09_26_drive_0001_sync/image_00) by extensions ['ignore', 'ignore_ament_install']
[0.172s] Level 1:colcon.colcon_core.package_identification:_identify(data/2011_09_26_drive_0001_sync/image_00) by extension 'ignore'
[0.172s] Level 1:colcon.colcon_core.package_identification:_identify(data/2011_09_26_drive_0001_sync/image_00) by extension 'ignore_ament_install'
[0.172s] Level 1:colcon.colcon_core.package_identification:_identify(data/2011_09_26_drive_0001_sync/image_00) by extensions ['colcon_pkg']
[0.172s] Level 1:colcon.colcon_core.package_identification:_identify(data/2011_09_26_drive_0001_sync/image_00) by extension 'colcon_pkg'
[0.172s] Level 1:colcon.colcon_core.package_identification:_identify(data/2011_09_26_drive_0001_sync/image_00) by extensions ['colcon_meta']
[0.172s] Level 1:colcon.colcon_core.package_identification:_identify(data/2011_09_26_drive_0001_sync/image_00) by extension 'colcon_meta'
[0.172s] Level 1:colcon.colcon_core.package_identification:_identify(data/2011_09_26_drive_0001_sync/image_00) by extensions ['ros']
[0.172s] Level 1:colcon.colcon_core.package_identification:_identify(data/2011_09_26_drive_0001_sync/image_00) by extension 'ros'
[0.172s] Level 1:colcon.colcon_core.package_identification:_identify(data/2011_09_26_drive_0001_sync/image_00) by extensions ['cmake', 'python']
[0.172s] Level 1:colcon.colcon_core.package_identification:_identify(data/2011_09_26_drive_0001_sync/image_00) by extension 'cmake'
[0.172s] Level 1:colcon.colcon_core.package_identification:_identify(data/2011_09_26_drive_0001_sync/image_00) by extension 'python'
[0.172s] Level 1:colcon.colcon_core.package_identification:_identify(data/2011_09_26_drive_0001_sync/image_00) by extensions ['python_setup_py']
[0.172s] Level 1:colcon.colcon_core.package_identification:_identify(data/2011_09_26_drive_0001_sync/image_00) by extension 'python_setup_py'
[0.172s] Level 1:colcon.colcon_core.package_identification:_identify(data/2011_09_26_drive_0001_sync/image_00/data) by extensions ['ignore', 'ignore_ament_install']
[0.172s] Level 1:colcon.colcon_core.package_identification:_identify(data/2011_09_26_drive_0001_sync/image_00/data) by extension 'ignore'
[0.172s] Level 1:colcon.colcon_core.package_identification:_identify(data/2011_09_26_drive_0001_sync/image_00/data) by extension 'ignore_ament_install'
[0.172s] Level 1:colcon.colcon_core.package_identification:_identify(data/2011_09_26_drive_0001_sync/image_00/data) by extensions ['colcon_pkg']
[0.172s] Level 1:colcon.colcon_core.package_identification:_identify(data/2011_09_26_drive_0001_sync/image_00/data) by extension 'colcon_pkg'
[0.172s] Level 1:colcon.colcon_core.package_identification:_identify(data/2011_09_26_drive_0001_sync/image_00/data) by extensions ['colcon_meta']
[0.172s] Level 1:colcon.colcon_core.package_identification:_identify(data/2011_09_26_drive_0001_sync/image_00/data) by extension 'colcon_meta'
[0.172s] Level 1:colcon.colcon_core.package_identification:_identify(data/2011_09_26_drive_0001_sync/image_00/data) by extensions ['ros']
[0.172s] Level 1:colcon.colcon_core.package_identification:_identify(data/2011_09_26_drive_0001_sync/image_00/data) by extension 'ros'
[0.172s] Level 1:colcon.colcon_core.package_identification:_identify(data/2011_09_26_drive_0001_sync/image_00/data) by extensions ['cmake', 'python']
[0.172s] Level 1:colcon.colcon_core.package_identification:_identify(data/2011_09_26_drive_0001_sync/image_00/data) by extension 'cmake'
[0.173s] Level 1:colcon.colcon_core.package_identification:_identify(data/2011_09_26_drive_0001_sync/image_00/data) by extension 'python'
[0.173s] Level 1:colcon.colcon_core.package_identification:_identify(data/2011_09_26_drive_0001_sync/image_00/data) by extensions ['python_setup_py']
[0.173s] Level 1:colcon.colcon_core.package_identification:_identify(data/2011_09_26_drive_0001_sync/image_00/data) by extension 'python_setup_py'
[0.173s] Level 1:colcon.colcon_core.package_identification:_identify(data/2011_09_26_drive_0001_sync/image_01) by extensions ['ignore', 'ignore_ament_install']
[0.173s] Level 1:colcon.colcon_core.package_identification:_identify(data/2011_09_26_drive_0001_sync/image_01) by extension 'ignore'
[0.173s] Level 1:colcon.colcon_core.package_identification:_identify(data/2011_09_26_drive_0001_sync/image_01) by extension 'ignore_ament_install'
[0.173s] Level 1:colcon.colcon_core.package_identification:_identify(data/2011_09_26_drive_0001_sync/image_01) by extensions ['colcon_pkg']
[0.173s] Level 1:colcon.colcon_core.package_identification:_identify(data/2011_09_26_drive_0001_sync/image_01) by extension 'colcon_pkg'
[0.173s] Level 1:colcon.colcon_core.package_identification:_identify(data/2011_09_26_drive_0001_sync/image_01) by extensions ['colcon_meta']
[0.173s] Level 1:colcon.colcon_core.package_identification:_identify(data/2011_09_26_drive_0001_sync/image_01) by extension 'colcon_meta'
[0.173s] Level 1:colcon.colcon_core.package_identification:_identify(data/2011_09_26_drive_0001_sync/image_01) by extensions ['ros']
[0.173s] Level 1:colcon.colcon_core.package_identification:_identify(data/2011_09_26_drive_0001_sync/image_01) by extension 'ros'
[0.173s] Level 1:colcon.colcon_core.package_identification:_identify(data/2011_09_26_drive_0001_sync/image_01) by extensions ['cmake', 'python']
[0.173s] Level 1:colcon.colcon_core.package_identification:_identify(data/2011_09_26_drive_0001_sync/image_01) by extension 'cmake'
[0.173s] Level 1:colcon.colcon_core.package_identification:_identify(data/2011_09_26_drive_0001_sync/image_01) by extension 'python'
[0.173s] Level 1:colcon.colcon_core.package_identification:_identify(data/2011_09_26_drive_0001_sync/image_01) by extensions ['python_setup_py']
[0.173s] Level 1:colcon.colcon_core.package_identification:_identify(data/2011_09_26_drive_0001_sync/image_01) by extension 'python_setup_py'
[0.173s] Level 1:colcon.colcon_core.package_identification:_identify(data/2011_09_26_drive_0001_sync/image_01/data) by extensions ['ignore', 'ignore_ament_install']
[0.173s] Level 1:colcon.colcon_core.package_identification:_identify(data/2011_09_26_drive_0001_sync/image_01/data) by extension 'ignore'
[0.173s] Level 1:colcon.colcon_core.package_identification:_identify(data/2011_09_26_drive_0001_sync/image_01/data) by extension 'ignore_ament_install'
[0.173s] Level 1:colcon.colcon_core.package_identification:_identify(data/2011_09_26_drive_0001_sync/image_01/data) by extensions ['colcon_pkg']
[0.173s] Level 1:colcon.colcon_core.package_identification:_identify(data/2011_09_26_drive_0001_sync/image_01/data) by extension 'colcon_pkg'
[0.173s] Level 1:colcon.colcon_core.package_identification:_identify(data/2011_09_26_drive_0001_sync/image_01/data) by extensions ['colcon_meta']
[0.173s] Level 1:colcon.colcon_core.package_identification:_identify(data/2011_09_26_drive_0001_sync/image_01/data) by extension 'colcon_meta'
[0.173s] Level 1:colcon.colcon_core.package_identification:_identify(data/2011_09_26_drive_0001_sync/image_01/data) by extensions ['ros']
[0.173s] Level 1:colcon.colcon_core.package_identification:_identify(data/2011_09_26_drive_0001_sync/image_01/data) by extension 'ros'
[0.173s] Level 1:colcon.colcon_core.package_identification:_identify(data/2011_09_26_drive_0001_sync/image_01/data) by extensions ['cmake', 'python']
[0.173s] Level 1:colcon.colcon_core.package_identification:_identify(data/2011_09_26_drive_0001_sync/image_01/data) by extension 'cmake'
[0.173s] Level 1:colcon.colcon_core.package_identification:_identify(data/2011_09_26_drive_0001_sync/image_01/data) by extension 'python'
[0.173s] Level 1:colcon.colcon_core.package_identification:_identify(data/2011_09_26_drive_0001_sync/image_01/data) by extensions ['python_setup_py']
[0.173s] Level 1:colcon.colcon_core.package_identification:_identify(data/2011_09_26_drive_0001_sync/image_01/data) by extension 'python_setup_py'
[0.173s] Level 1:colcon.colcon_core.package_identification:_identify(data/2011_09_26_drive_0001_sync/image_02) by extensions ['ignore', 'ignore_ament_install']
[0.173s] Level 1:colcon.colcon_core.package_identification:_identify(data/2011_09_26_drive_0001_sync/image_02) by extension 'ignore'
[0.173s] Level 1:colcon.colcon_core.package_identification:_identify(data/2011_09_26_drive_0001_sync/image_02) by extension 'ignore_ament_install'
[0.173s] Level 1:colcon.colcon_core.package_identification:_identify(data/2011_09_26_drive_0001_sync/image_02) by extensions ['colcon_pkg']
[0.173s] Level 1:colcon.colcon_core.package_identification:_identify(data/2011_09_26_drive_0001_sync/image_02) by extension 'colcon_pkg'
[0.173s] Level 1:colcon.colcon_core.package_identification:_identify(data/2011_09_26_drive_0001_sync/image_02) by extensions ['colcon_meta']
[0.173s] Level 1:colcon.colcon_core.package_identification:_identify(data/2011_09_26_drive_0001_sync/image_02) by extension 'colcon_meta'
[0.173s] Level 1:colcon.colcon_core.package_identification:_identify(data/2011_09_26_drive_0001_sync/image_02) by extensions ['ros']
[0.173s] Level 1:colcon.colcon_core.package_identification:_identify(data/2011_09_26_drive_0001_sync/image_02) by extension 'ros'
[0.173s] Level 1:colcon.colcon_core.package_identification:_identify(data/2011_09_26_drive_0001_sync/image_02) by extensions ['cmake', 'python']
[0.173s] Level 1:colcon.colcon_core.package_identification:_identify(data/2011_09_26_drive_0001_sync/image_02) by extension 'cmake'
[0.173s] Level 1:colcon.colcon_core.package_identification:_identify(data/2011_09_26_drive_0001_sync/image_02) by extension 'python'
[0.174s] Level 1:colcon.colcon_core.package_identification:_identify(data/2011_09_26_drive_0001_sync/image_02) by extensions ['python_setup_py']
[0.174s] Level 1:colcon.colcon_core.package_identification:_identify(data/2011_09_26_drive_0001_sync/image_02) by extension 'python_setup_py'
[0.174s] Level 1:colcon.colcon_core.package_identification:_identify(data/2011_09_26_drive_0001_sync/image_02/data) by extensions ['ignore', 'ignore_ament_install']
[0.174s] Level 1:colcon.colcon_core.package_identification:_identify(data/2011_09_26_drive_0001_sync/image_02/data) by extension 'ignore'
[0.174s] Level 1:colcon.colcon_core.package_identification:_identify(data/2011_09_26_drive_0001_sync/image_02/data) by extension 'ignore_ament_install'
[0.174s] Level 1:colcon.colcon_core.package_identification:_identify(data/2011_09_26_drive_0001_sync/image_02/data) by extensions ['colcon_pkg']
[0.174s] Level 1:colcon.colcon_core.package_identification:_identify(data/2011_09_26_drive_0001_sync/image_02/data) by extension 'colcon_pkg'
[0.174s] Level 1:colcon.colcon_core.package_identification:_identify(data/2011_09_26_drive_0001_sync/image_02/data) by extensions ['colcon_meta']
[0.174s] Level 1:colcon.colcon_core.package_identification:_identify(data/2011_09_26_drive_0001_sync/image_02/data) by extension 'colcon_meta'
[0.174s] Level 1:colcon.colcon_core.package_identification:_identify(data/2011_09_26_drive_0001_sync/image_02/data) by extensions ['ros']
[0.174s] Level 1:colcon.colcon_core.package_identification:_identify(data/2011_09_26_drive_0001_sync/image_02/data) by extension 'ros'
[0.174s] Level 1:colcon.colcon_core.package_identification:_identify(data/2011_09_26_drive_0001_sync/image_02/data) by extensions ['cmake', 'python']
[0.174s] Level 1:colcon.colcon_core.package_identification:_identify(data/2011_09_26_drive_0001_sync/image_02/data) by extension 'cmake'
[0.174s] Level 1:colcon.colcon_core.package_identification:_identify(data/2011_09_26_drive_0001_sync/image_02/data) by extension 'python'
[0.174s] Level 1:colcon.colcon_core.package_identification:_identify(data/2011_09_26_drive_0001_sync/image_02/data) by extensions ['python_setup_py']
[0.174s] Level 1:colcon.colcon_core.package_identification:_identify(data/2011_09_26_drive_0001_sync/image_02/data) by extension 'python_setup_py'
[0.174s] Level 1:colcon.colcon_core.package_identification:_identify(data/2011_09_26_drive_0001_sync/image_03) by extensions ['ignore', 'ignore_ament_install']
[0.174s] Level 1:colcon.colcon_core.package_identification:_identify(data/2011_09_26_drive_0001_sync/image_03) by extension 'ignore'
[0.174s] Level 1:colcon.colcon_core.package_identification:_identify(data/2011_09_26_drive_0001_sync/image_03) by extension 'ignore_ament_install'
[0.174s] Level 1:colcon.colcon_core.package_identification:_identify(data/2011_09_26_drive_0001_sync/image_03) by extensions ['colcon_pkg']
[0.174s] Level 1:colcon.colcon_core.package_identification:_identify(data/2011_09_26_drive_0001_sync/image_03) by extension 'colcon_pkg'
[0.174s] Level 1:colcon.colcon_core.package_identification:_identify(data/2011_09_26_drive_0001_sync/image_03) by extensions ['colcon_meta']
[0.174s] Level 1:colcon.colcon_core.package_identification:_identify(data/2011_09_26_drive_0001_sync/image_03) by extension 'colcon_meta'
[0.174s] Level 1:colcon.colcon_core.package_identification:_identify(data/2011_09_26_drive_0001_sync/image_03) by extensions ['ros']
[0.174s] Level 1:colcon.colcon_core.package_identification:_identify(data/2011_09_26_drive_0001_sync/image_03) by extension 'ros'
[0.174s] Level 1:colcon.colcon_core.package_identification:_identify(data/2011_09_26_drive_0001_sync/image_03) by extensions ['cmake', 'python']
[0.174s] Level 1:colcon.colcon_core.package_identification:_identify(data/2011_09_26_drive_0001_sync/image_03) by extension 'cmake'
[0.174s] Level 1:colcon.colcon_core.package_identification:_identify(data/2011_09_26_drive_0001_sync/image_03) by extension 'python'
[0.174s] Level 1:colcon.colcon_core.package_identification:_identify(data/2011_09_26_drive_0001_sync/image_03) by extensions ['python_setup_py']
[0.174s] Level 1:colcon.colcon_core.package_identification:_identify(data/2011_09_26_drive_0001_sync/image_03) by extension 'python_setup_py'
[0.174s] Level 1:colcon.colcon_core.package_identification:_identify(data/2011_09_26_drive_0001_sync/image_03/data) by extensions ['ignore', 'ignore_ament_install']
[0.174s] Level 1:colcon.colcon_core.package_identification:_identify(data/2011_09_26_drive_0001_sync/image_03/data) by extension 'ignore'
[0.174s] Level 1:colcon.colcon_core.package_identification:_identify(data/2011_09_26_drive_0001_sync/image_03/data) by extension 'ignore_ament_install'
[0.174s] Level 1:colcon.colcon_core.package_identification:_identify(data/2011_09_26_drive_0001_sync/image_03/data) by extensions ['colcon_pkg']
[0.174s] Level 1:colcon.colcon_core.package_identification:_identify(data/2011_09_26_drive_0001_sync/image_03/data) by extension 'colcon_pkg'
[0.174s] Level 1:colcon.colcon_core.package_identification:_identify(data/2011_09_26_drive_0001_sync/image_03/data) by extensions ['colcon_meta']
[0.174s] Level 1:colcon.colcon_core.package_identification:_identify(data/2011_09_26_drive_0001_sync/image_03/data) by extension 'colcon_meta'
[0.174s] Level 1:colcon.colcon_core.package_identification:_identify(data/2011_09_26_drive_0001_sync/image_03/data) by extensions ['ros']
[0.174s] Level 1:colcon.colcon_core.package_identification:_identify(data/2011_09_26_drive_0001_sync/image_03/data) by extension 'ros'
[0.174s] Level 1:colcon.colcon_core.package_identification:_identify(data/2011_09_26_drive_0001_sync/image_03/data) by extensions ['cmake', 'python']
[0.175s] Level 1:colcon.colcon_core.package_identification:_identify(data/2011_09_26_drive_0001_sync/image_03/data) by extension 'cmake'
[0.175s] Level 1:colcon.colcon_core.package_identification:_identify(data/2011_09_26_drive_0001_sync/image_03/data) by extension 'python'
[0.175s] Level 1:colcon.colcon_core.package_identification:_identify(data/2011_09_26_drive_0001_sync/image_03/data) by extensions ['python_setup_py']
[0.175s] Level 1:colcon.colcon_core.package_identification:_identify(data/2011_09_26_drive_0001_sync/image_03/data) by extension 'python_setup_py'
[0.175s] Level 1:colcon.colcon_core.package_identification:_identify(data/2011_09_26_drive_0001_sync/oxts) by extensions ['ignore', 'ignore_ament_install']
[0.175s] Level 1:colcon.colcon_core.package_identification:_identify(data/2011_09_26_drive_0001_sync/oxts) by extension 'ignore'
[0.175s] Level 1:colcon.colcon_core.package_identification:_identify(data/2011_09_26_drive_0001_sync/oxts) by extension 'ignore_ament_install'
[0.175s] Level 1:colcon.colcon_core.package_identification:_identify(data/2011_09_26_drive_0001_sync/oxts) by extensions ['colcon_pkg']
[0.175s] Level 1:colcon.colcon_core.package_identification:_identify(data/2011_09_26_drive_0001_sync/oxts) by extension 'colcon_pkg'
[0.175s] Level 1:colcon.colcon_core.package_identification:_identify(data/2011_09_26_drive_0001_sync/oxts) by extensions ['colcon_meta']
[0.175s] Level 1:colcon.colcon_core.package_identification:_identify(data/2011_09_26_drive_0001_sync/oxts) by extension 'colcon_meta'
[0.175s] Level 1:colcon.colcon_core.package_identification:_identify(data/2011_09_26_drive_0001_sync/oxts) by extensions ['ros']
[0.175s] Level 1:colcon.colcon_core.package_identification:_identify(data/2011_09_26_drive_0001_sync/oxts) by extension 'ros'
[0.175s] Level 1:colcon.colcon_core.package_identification:_identify(data/2011_09_26_drive_0001_sync/oxts) by extensions ['cmake', 'python']
[0.175s] Level 1:colcon.colcon_core.package_identification:_identify(data/2011_09_26_drive_0001_sync/oxts) by extension 'cmake'
[0.175s] Level 1:colcon.colcon_core.package_identification:_identify(data/2011_09_26_drive_0001_sync/oxts) by extension 'python'
[0.175s] Level 1:colcon.colcon_core.package_identification:_identify(data/2011_09_26_drive_0001_sync/oxts) by extensions ['python_setup_py']
[0.175s] Level 1:colcon.colcon_core.package_identification:_identify(data/2011_09_26_drive_0001_sync/oxts) by extension 'python_setup_py'
[0.175s] Level 1:colcon.colcon_core.package_identification:_identify(data/2011_09_26_drive_0001_sync/oxts/data) by extensions ['ignore', 'ignore_ament_install']
[0.175s] Level 1:colcon.colcon_core.package_identification:_identify(data/2011_09_26_drive_0001_sync/oxts/data) by extension 'ignore'
[0.175s] Level 1:colcon.colcon_core.package_identification:_identify(data/2011_09_26_drive_0001_sync/oxts/data) by extension 'ignore_ament_install'
[0.175s] Level 1:colcon.colcon_core.package_identification:_identify(data/2011_09_26_drive_0001_sync/oxts/data) by extensions ['colcon_pkg']
[0.175s] Level 1:colcon.colcon_core.package_identification:_identify(data/2011_09_26_drive_0001_sync/oxts/data) by extension 'colcon_pkg'
[0.175s] Level 1:colcon.colcon_core.package_identification:_identify(data/2011_09_26_drive_0001_sync/oxts/data) by extensions ['colcon_meta']
[0.175s] Level 1:colcon.colcon_core.package_identification:_identify(data/2011_09_26_drive_0001_sync/oxts/data) by extension 'colcon_meta'
[0.175s] Level 1:colcon.colcon_core.package_identification:_identify(data/2011_09_26_drive_0001_sync/oxts/data) by extensions ['ros']
[0.175s] Level 1:colcon.colcon_core.package_identification:_identify(data/2011_09_26_drive_0001_sync/oxts/data) by extension 'ros'
[0.175s] Level 1:colcon.colcon_core.package_identification:_identify(data/2011_09_26_drive_0001_sync/oxts/data) by extensions ['cmake', 'python']
[0.175s] Level 1:colcon.colcon_core.package_identification:_identify(data/2011_09_26_drive_0001_sync/oxts/data) by extension 'cmake'
[0.175s] Level 1:colcon.colcon_core.package_identification:_identify(data/2011_09_26_drive_0001_sync/oxts/data) by extension 'python'
[0.175s] Level 1:colcon.colcon_core.package_identification:_identify(data/2011_09_26_drive_0001_sync/oxts/data) by extensions ['python_setup_py']
[0.175s] Level 1:colcon.colcon_core.package_identification:_identify(data/2011_09_26_drive_0001_sync/oxts/data) by extension 'python_setup_py'
[0.175s] Level 1:colcon.colcon_core.package_identification:_identify(data/2011_09_26_drive_0001_sync/velodyne_points) by extensions ['ignore', 'ignore_ament_install']
[0.175s] Level 1:colcon.colcon_core.package_identification:_identify(data/2011_09_26_drive_0001_sync/velodyne_points) by extension 'ignore'
[0.175s] Level 1:colcon.colcon_core.package_identification:_identify(data/2011_09_26_drive_0001_sync/velodyne_points) by extension 'ignore_ament_install'
[0.175s] Level 1:colcon.colcon_core.package_identification:_identify(data/2011_09_26_drive_0001_sync/velodyne_points) by extensions ['colcon_pkg']
[0.175s] Level 1:colcon.colcon_core.package_identification:_identify(data/2011_09_26_drive_0001_sync/velodyne_points) by extension 'colcon_pkg'
[0.175s] Level 1:colcon.colcon_core.package_identification:_identify(data/2011_09_26_drive_0001_sync/velodyne_points) by extensions ['colcon_meta']
[0.175s] Level 1:colcon.colcon_core.package_identification:_identify(data/2011_09_26_drive_0001_sync/velodyne_points) by extension 'colcon_meta'
[0.175s] Level 1:colcon.colcon_core.package_identification:_identify(data/2011_09_26_drive_0001_sync/velodyne_points) by extensions ['ros']
[0.175s] Level 1:colcon.colcon_core.package_identification:_identify(data/2011_09_26_drive_0001_sync/velodyne_points) by extension 'ros'
[0.175s] Level 1:colcon.colcon_core.package_identification:_identify(data/2011_09_26_drive_0001_sync/velodyne_points) by extensions ['cmake', 'python']
[0.175s] Level 1:colcon.colcon_core.package_identification:_identify(data/2011_09_26_drive_0001_sync/velodyne_points) by extension 'cmake'
[0.175s] Level 1:colcon.colcon_core.package_identification:_identify(data/2011_09_26_drive_0001_sync/velodyne_points) by extension 'python'
[0.176s] Level 1:colcon.colcon_core.package_identification:_identify(data/2011_09_26_drive_0001_sync/velodyne_points) by extensions ['python_setup_py']
[0.176s] Level 1:colcon.colcon_core.package_identification:_identify(data/2011_09_26_drive_0001_sync/velodyne_points) by extension 'python_setup_py'
[0.176s] Level 1:colcon.colcon_core.package_identification:_identify(data/2011_09_26_drive_0001_sync/velodyne_points/data) by extensions ['ignore', 'ignore_ament_install']
[0.176s] Level 1:colcon.colcon_core.package_identification:_identify(data/2011_09_26_drive_0001_sync/velodyne_points/data) by extension 'ignore'
[0.176s] Level 1:colcon.colcon_core.package_identification:_identify(data/2011_09_26_drive_0001_sync/velodyne_points/data) by extension 'ignore_ament_install'
[0.176s] Level 1:colcon.colcon_core.package_identification:_identify(data/2011_09_26_drive_0001_sync/velodyne_points/data) by extensions ['colcon_pkg']
[0.176s] Level 1:colcon.colcon_core.package_identification:_identify(data/2011_09_26_drive_0001_sync/velodyne_points/data) by extension 'colcon_pkg'
[0.176s] Level 1:colcon.colcon_core.package_identification:_identify(data/2011_09_26_drive_0001_sync/velodyne_points/data) by extensions ['colcon_meta']
[0.176s] Level 1:colcon.colcon_core.package_identification:_identify(data/2011_09_26_drive_0001_sync/velodyne_points/data) by extension 'colcon_meta'
[0.176s] Level 1:colcon.colcon_core.package_identification:_identify(data/2011_09_26_drive_0001_sync/velodyne_points/data) by extensions ['ros']
[0.176s] Level 1:colcon.colcon_core.package_identification:_identify(data/2011_09_26_drive_0001_sync/velodyne_points/data) by extension 'ros'
[0.176s] Level 1:colcon.colcon_core.package_identification:_identify(data/2011_09_26_drive_0001_sync/velodyne_points/data) by extensions ['cmake', 'python']
[0.176s] Level 1:colcon.colcon_core.package_identification:_identify(data/2011_09_26_drive_0001_sync/velodyne_points/data) by extension 'cmake'
[0.176s] Level 1:colcon.colcon_core.package_identification:_identify(data/2011_09_26_drive_0001_sync/velodyne_points/data) by extension 'python'
[0.176s] Level 1:colcon.colcon_core.package_identification:_identify(data/2011_09_26_drive_0001_sync/velodyne_points/data) by extensions ['python_setup_py']
[0.176s] Level 1:colcon.colcon_core.package_identification:_identify(data/2011_09_26_drive_0001_sync/velodyne_points/data) by extension 'python_setup_py'
[0.176s] Level 1:colcon.colcon_core.package_identification:_identify(install) by extensions ['ignore', 'ignore_ament_install']
[0.176s] Level 1:colcon.colcon_core.package_identification:_identify(install) by extension 'ignore'
[0.176s] Level 1:colcon.colcon_core.package_identification:_identify(install) ignored
[0.176s] Level 1:colcon.colcon_core.package_identification:_identify(log) by extensions ['ignore', 'ignore_ament_install']
[0.176s] Level 1:colcon.colcon_core.package_identification:_identify(log) by extension 'ignore'
[0.176s] Level 1:colcon.colcon_core.package_identification:_identify(log) ignored
[0.176s] Level 1:colcon.colcon_core.package_identification:_identify(lx) by extensions ['ignore', 'ignore_ament_install']
[0.176s] Level 1:colcon.colcon_core.package_identification:_identify(lx) by extension 'ignore'
[0.176s] Level 1:colcon.colcon_core.package_identification:_identify(lx) by extension 'ignore_ament_install'
[0.176s] Level 1:colcon.colcon_core.package_identification:_identify(lx) by extensions ['colcon_pkg']
[0.176s] Level 1:colcon.colcon_core.package_identification:_identify(lx) by extension 'colcon_pkg'
[0.176s] Level 1:colcon.colcon_core.package_identification:_identify(lx) by extensions ['colcon_meta']
[0.176s] Level 1:colcon.colcon_core.package_identification:_identify(lx) by extension 'colcon_meta'
[0.176s] Level 1:colcon.colcon_core.package_identification:_identify(lx) by extensions ['ros']
[0.176s] Level 1:colcon.colcon_core.package_identification:_identify(lx) by extension 'ros'
[0.176s] Level 1:colcon.colcon_core.package_identification:_identify(lx) by extensions ['cmake', 'python']
[0.176s] Level 1:colcon.colcon_core.package_identification:_identify(lx) by extension 'cmake'
[0.176s] Level 1:colcon.colcon_core.package_identification:_identify(lx) by extension 'python'
[0.176s] Level 1:colcon.colcon_core.package_identification:_identify(lx) by extensions ['python_setup_py']
[0.176s] Level 1:colcon.colcon_core.package_identification:_identify(lx) by extension 'python_setup_py'
[0.176s] Level 1:colcon.colcon_core.package_identification:_identify(src) by extensions ['ignore', 'ignore_ament_install']
[0.176s] Level 1:colcon.colcon_core.package_identification:_identify(src) by extension 'ignore'
[0.176s] Level 1:colcon.colcon_core.package_identification:_identify(src) by extension 'ignore_ament_install'
[0.177s] Level 1:colcon.colcon_core.package_identification:_identify(src) by extensions ['colcon_pkg']
[0.177s] Level 1:colcon.colcon_core.package_identification:_identify(src) by extension 'colcon_pkg'
[0.177s] Level 1:colcon.colcon_core.package_identification:_identify(src) by extensions ['colcon_meta']
[0.177s] Level 1:colcon.colcon_core.package_identification:_identify(src) by extension 'colcon_meta'
[0.177s] Level 1:colcon.colcon_core.package_identification:_identify(src) by extensions ['ros']
[0.177s] Level 1:colcon.colcon_core.package_identification:_identify(src) by extension 'ros'
[0.177s] Level 1:colcon.colcon_core.package_identification:_identify(src) by extensions ['cmake', 'python']
[0.177s] Level 1:colcon.colcon_core.package_identification:_identify(src) by extension 'cmake'
[0.177s] Level 1:colcon.colcon_core.package_identification:_identify(src) by extension 'python'
[0.177s] Level 1:colcon.colcon_core.package_identification:_identify(src) by extensions ['python_setup_py']
[0.177s] Level 1:colcon.colcon_core.package_identification:_identify(src) by extension 'python_setup_py'
[0.177s] Level 1:colcon.colcon_core.package_identification:_identify(src/ros2_kitti_publishers) by extensions ['ignore', 'ignore_ament_install']
[0.177s] Level 1:colcon.colcon_core.package_identification:_identify(src/ros2_kitti_publishers) by extension 'ignore'
[0.177s] Level 1:colcon.colcon_core.package_identification:_identify(src/ros2_kitti_publishers) by extension 'ignore_ament_install'
[0.177s] Level 1:colcon.colcon_core.package_identification:_identify(src/ros2_kitti_publishers) by extensions ['colcon_pkg']
[0.177s] Level 1:colcon.colcon_core.package_identification:_identify(src/ros2_kitti_publishers) by extension 'colcon_pkg'
[0.177s] Level 1:colcon.colcon_core.package_identification:_identify(src/ros2_kitti_publishers) by extensions ['colcon_meta']
[0.177s] Level 1:colcon.colcon_core.package_identification:_identify(src/ros2_kitti_publishers) by extension 'colcon_meta'
[0.177s] Level 1:colcon.colcon_core.package_identification:_identify(src/ros2_kitti_publishers) by extensions ['ros']
[0.177s] Level 1:colcon.colcon_core.package_identification:_identify(src/ros2_kitti_publishers) by extension 'ros'
[0.178s] DEBUG:colcon.colcon_core.package_identification:Package 'src/ros2_kitti_publishers' with type 'ros.ament_cmake' and name 'ros2_kitti_publishers'
[0.178s] Level 1:colcon.colcon_core.package_discovery:discover_packages(recursive) using defaults
[0.178s] Level 1:colcon.colcon_core.package_discovery:discover_packages(ignore) discover
[0.179s] Level 1:colcon.colcon_core.package_discovery:discover_packages(ignore) using defaults
[0.179s] Level 1:colcon.colcon_core.package_discovery:discover_packages(path) discover
[0.179s] Level 1:colcon.colcon_core.package_discovery:discover_packages(path) using defaults
[0.190s] Level 1:colcon.colcon_core.package_discovery:discover_packages(prefix_path) check parameters
[0.190s] Level 1:colcon.colcon_core.package_discovery:discover_packages(prefix_path) discover
[0.191s] DEBUG:colcon.colcon_installed_package_information.package_discovery:Found 1 installed packages in /home/lixi/ros2_ws/install
[0.192s] DEBUG:colcon.colcon_installed_package_information.package_discovery:Found 273 installed packages in /opt/ros/humble
[0.193s] Level 1:colcon.colcon_core.package_discovery:discover_packages(prefix_path) using defaults
[0.226s] Level 5:colcon.colcon_core.verb:set package 'ros2_kitti_publishers' build argument 'cmake_args' from command line to 'None'
[0.226s] Level 5:colcon.colcon_core.verb:set package 'ros2_kitti_publishers' build argument 'cmake_target' from command line to 'None'
[0.226s] Level 5:colcon.colcon_core.verb:set package 'ros2_kitti_publishers' build argument 'cmake_target_skip_unavailable' from command line to 'False'
[0.226s] Level 5:colcon.colcon_core.verb:set package 'ros2_kitti_publishers' build argument 'cmake_clean_cache' from command line to 'True'
[0.226s] Level 5:colcon.colcon_core.verb:set package 'ros2_kitti_publishers' build argument 'cmake_clean_first' from command line to 'False'
[0.226s] Level 5:colcon.colcon_core.verb:set package 'ros2_kitti_publishers' build argument 'cmake_force_configure' from command line to 'False'
[0.226s] Level 5:colcon.colcon_core.verb:set package 'ros2_kitti_publishers' build argument 'ament_cmake_args' from command line to 'None'
[0.226s] Level 5:colcon.colcon_core.verb:set package 'ros2_kitti_publishers' build argument 'catkin_cmake_args' from command line to 'None'
[0.226s] Level 5:colcon.colcon_core.verb:set package 'ros2_kitti_publishers' build argument 'catkin_skip_building_tests' from command line to 'False'
[0.226s] DEBUG:colcon.colcon_core.verb:Building package 'ros2_kitti_publishers' with the following arguments: {'ament_cmake_args': None, 'build_base': '/home/lixi/ros2_ws/build/ros2_kitti_publishers', 'catkin_cmake_args': None, 'catkin_skip_building_tests': False, 'cmake_args': None, 'cmake_clean_cache': True, 'cmake_clean_first': False, 'cmake_force_configure': False, 'cmake_target': None, 'cmake_target_skip_unavailable': False, 'install_base': '/home/lixi/ros2_ws/install/ros2_kitti_publishers', 'merge_install': False, 'path': '/home/lixi/ros2_ws/src/ros2_kitti_publishers', 'symlink_install': False, 'test_result_base': None}
[0.226s] INFO:colcon.colcon_core.executor:Executing jobs using 'parallel' executor
[0.227s] DEBUG:colcon.colcon_parallel_executor.executor.parallel:run_until_complete
[0.227s] INFO:colcon.colcon_ros.task.ament_cmake.build:Building ROS package in '/home/lixi/ros2_ws/src/ros2_kitti_publishers' with build type 'ament_cmake'
[0.227s] INFO:colcon.colcon_cmake.task.cmake.build:Building CMake package in '/home/lixi/ros2_ws/src/ros2_kitti_publishers'
[0.228s] INFO:colcon.colcon_core.plugin_system:Skipping extension 'colcon_core.shell.bat': Not used on non-Windows systems
[0.228s] INFO:colcon.colcon_core.shell:Skip shell extension 'powershell' for command environment: Not usable outside of PowerShell
[0.228s] DEBUG:colcon.colcon_core.shell:Skip shell extension 'dsv' for command environment
[0.233s] DEBUG:colcon.colcon_core.event_handler.log_command:Invoking command in '/home/lixi/ros2_ws/build/ros2_kitti_publishers': CMAKE_PREFIX_PATH=${CMAKE_PREFIX_PATH}:/opt/ros/humble /usr/bin/cmake /home/lixi/ros2_ws/src/ros2_kitti_publishers -DCMAKE_INSTALL_PREFIX=/home/lixi/ros2_ws/install/ros2_kitti_publishers
[10.178s] DEBUG:colcon.colcon_core.event_handler.log_command:Invoked command in '/home/lixi/ros2_ws/build/ros2_kitti_publishers' returned '0': CMAKE_PREFIX_PATH=${CMAKE_PREFIX_PATH}:/opt/ros/humble /usr/bin/cmake /home/lixi/ros2_ws/src/ros2_kitti_publishers -DCMAKE_INSTALL_PREFIX=/home/lixi/ros2_ws/install/ros2_kitti_publishers
[10.180s] DEBUG:colcon.colcon_core.event_handler.log_command:Invoking command in '/home/lixi/ros2_ws/build/ros2_kitti_publishers': CMAKE_PREFIX_PATH=${CMAKE_PREFIX_PATH}:/opt/ros/humble /usr/bin/cmake --build /home/lixi/ros2_ws/build/ros2_kitti_publishers -- -j20 -l20
[10.251s] DEBUG:colcon.colcon_core.event_handler.log_command:Invoked command in '/home/lixi/ros2_ws/build/ros2_kitti_publishers' returned '0': CMAKE_PREFIX_PATH=${CMAKE_PREFIX_PATH}:/opt/ros/humble /usr/bin/cmake --build /home/lixi/ros2_ws/build/ros2_kitti_publishers -- -j20 -l20
[10.257s] DEBUG:colcon.colcon_core.event_handler.log_command:Invoking command in '/home/lixi/ros2_ws/build/ros2_kitti_publishers': CMAKE_PREFIX_PATH=${CMAKE_PREFIX_PATH}:/opt/ros/humble /usr/bin/cmake --install /home/lixi/ros2_ws/build/ros2_kitti_publishers
[10.264s] Level 1:colcon.colcon_core.environment:create_environment_scripts_only(ros2_kitti_publishers)
[10.264s] DEBUG:colcon.colcon_core.event_handler.log_command:Invoked command in '/home/lixi/ros2_ws/build/ros2_kitti_publishers' returned '0': CMAKE_PREFIX_PATH=${CMAKE_PREFIX_PATH}:/opt/ros/humble /usr/bin/cmake --install /home/lixi/ros2_ws/build/ros2_kitti_publishers
[10.265s] Level 1:colcon.colcon_core.environment:checking '/home/lixi/ros2_ws/install/ros2_kitti_publishers' for CMake module files
[10.265s] Level 1:colcon.colcon_core.environment:checking '/home/lixi/ros2_ws/install/ros2_kitti_publishers' for CMake config files
[10.266s] Level 1:colcon.colcon_core.shell:create_environment_hook('ros2_kitti_publishers', 'cmake_prefix_path')
[10.266s] INFO:colcon.colcon_core.shell:Creating environment hook '/home/lixi/ros2_ws/install/ros2_kitti_publishers/share/ros2_kitti_publishers/hook/cmake_prefix_path.ps1'
[10.266s] INFO:colcon.colcon_core.shell:Creating environment descriptor '/home/lixi/ros2_ws/install/ros2_kitti_publishers/share/ros2_kitti_publishers/hook/cmake_prefix_path.dsv'
[10.266s] INFO:colcon.colcon_core.shell:Creating environment hook '/home/lixi/ros2_ws/install/ros2_kitti_publishers/share/ros2_kitti_publishers/hook/cmake_prefix_path.sh'
[10.267s] Level 1:colcon.colcon_core.environment:checking '/home/lixi/ros2_ws/install/ros2_kitti_publishers/lib'
[10.267s] Level 1:colcon.colcon_core.shell:create_environment_hook('ros2_kitti_publishers', 'ld_library_path_lib')
[10.267s] INFO:colcon.colcon_core.shell:Creating environment hook '/home/lixi/ros2_ws/install/ros2_kitti_publishers/share/ros2_kitti_publishers/hook/ld_library_path_lib.ps1'
[10.267s] INFO:colcon.colcon_core.shell:Creating environment descriptor '/home/lixi/ros2_ws/install/ros2_kitti_publishers/share/ros2_kitti_publishers/hook/ld_library_path_lib.dsv'
[10.267s] INFO:colcon.colcon_core.shell:Creating environment hook '/home/lixi/ros2_ws/install/ros2_kitti_publishers/share/ros2_kitti_publishers/hook/ld_library_path_lib.sh'
[10.268s] Level 1:colcon.colcon_core.environment:checking '/home/lixi/ros2_ws/install/ros2_kitti_publishers/bin'
[10.268s] Level 1:colcon.colcon_core.environment:checking '/home/lixi/ros2_ws/install/ros2_kitti_publishers/lib/pkgconfig/ros2_kitti_publishers.pc'
[10.268s] Level 1:colcon.colcon_core.environment:checking '/home/lixi/ros2_ws/install/ros2_kitti_publishers/lib/python3.10/site-packages'
[10.268s] Level 1:colcon.colcon_core.environment:checking '/home/lixi/ros2_ws/install/ros2_kitti_publishers/bin'
[10.268s] INFO:colcon.colcon_core.shell:Creating package script '/home/lixi/ros2_ws/install/ros2_kitti_publishers/share/ros2_kitti_publishers/package.ps1'
[10.269s] INFO:colcon.colcon_core.shell:Creating package descriptor '/home/lixi/ros2_ws/install/ros2_kitti_publishers/share/ros2_kitti_publishers/package.dsv'
[10.269s] INFO:colcon.colcon_core.shell:Creating package script '/home/lixi/ros2_ws/install/ros2_kitti_publishers/share/ros2_kitti_publishers/package.sh'
[10.269s] INFO:colcon.colcon_core.shell:Creating package script '/home/lixi/ros2_ws/install/ros2_kitti_publishers/share/ros2_kitti_publishers/package.bash'
[10.270s] INFO:colcon.colcon_core.shell:Creating package script '/home/lixi/ros2_ws/install/ros2_kitti_publishers/share/ros2_kitti_publishers/package.zsh'
[10.270s] Level 1:colcon.colcon_core.environment:create_file_with_runtime_dependencies(/home/lixi/ros2_ws/install/ros2_kitti_publishers/share/colcon-core/packages/ros2_kitti_publishers)
[10.270s] Level 1:colcon.colcon_core.environment:create_environment_scripts_only(ros2_kitti_publishers)
[10.270s] Level 1:colcon.colcon_core.environment:checking '/home/lixi/ros2_ws/install/ros2_kitti_publishers' for CMake module files
[10.271s] Level 1:colcon.colcon_core.environment:checking '/home/lixi/ros2_ws/install/ros2_kitti_publishers' for CMake config files
[10.271s] Level 1:colcon.colcon_core.shell:create_environment_hook('ros2_kitti_publishers', 'cmake_prefix_path')
[10.271s] INFO:colcon.colcon_core.shell:Creating environment hook '/home/lixi/ros2_ws/install/ros2_kitti_publishers/share/ros2_kitti_publishers/hook/cmake_prefix_path.ps1'
[10.271s] INFO:colcon.colcon_core.shell:Creating environment descriptor '/home/lixi/ros2_ws/install/ros2_kitti_publishers/share/ros2_kitti_publishers/hook/cmake_prefix_path.dsv'
[10.271s] INFO:colcon.colcon_core.shell:Creating environment hook '/home/lixi/ros2_ws/install/ros2_kitti_publishers/share/ros2_kitti_publishers/hook/cmake_prefix_path.sh'
[10.272s] Level 1:colcon.colcon_core.environment:checking '/home/lixi/ros2_ws/install/ros2_kitti_publishers/lib'
[10.272s] Level 1:colcon.colcon_core.shell:create_environment_hook('ros2_kitti_publishers', 'ld_library_path_lib')
[10.272s] INFO:colcon.colcon_core.shell:Creating environment hook '/home/lixi/ros2_ws/install/ros2_kitti_publishers/share/ros2_kitti_publishers/hook/ld_library_path_lib.ps1'
[10.272s] INFO:colcon.colcon_core.shell:Creating environment descriptor '/home/lixi/ros2_ws/install/ros2_kitti_publishers/share/ros2_kitti_publishers/hook/ld_library_path_lib.dsv'
[10.272s] INFO:colcon.colcon_core.shell:Creating environment hook '/home/lixi/ros2_ws/install/ros2_kitti_publishers/share/ros2_kitti_publishers/hook/ld_library_path_lib.sh'
[10.273s] Level 1:colcon.colcon_core.environment:checking '/home/lixi/ros2_ws/install/ros2_kitti_publishers/bin'
[10.273s] Level 1:colcon.colcon_core.environment:checking '/home/lixi/ros2_ws/install/ros2_kitti_publishers/lib/pkgconfig/ros2_kitti_publishers.pc'
[10.273s] Level 1:colcon.colcon_core.environment:checking '/home/lixi/ros2_ws/install/ros2_kitti_publishers/lib/python3.10/site-packages'
[10.273s] Level 1:colcon.colcon_core.environment:checking '/home/lixi/ros2_ws/install/ros2_kitti_publishers/bin'
[10.273s] INFO:colcon.colcon_core.shell:Creating package script '/home/lixi/ros2_ws/install/ros2_kitti_publishers/share/ros2_kitti_publishers/package.ps1'
[10.273s] INFO:colcon.colcon_core.shell:Creating package descriptor '/home/lixi/ros2_ws/install/ros2_kitti_publishers/share/ros2_kitti_publishers/package.dsv'
[10.274s] INFO:colcon.colcon_core.shell:Creating package script '/home/lixi/ros2_ws/install/ros2_kitti_publishers/share/ros2_kitti_publishers/package.sh'
[10.274s] INFO:colcon.colcon_core.shell:Creating package script '/home/lixi/ros2_ws/install/ros2_kitti_publishers/share/ros2_kitti_publishers/package.bash'
[10.274s] INFO:colcon.colcon_core.shell:Creating package script '/home/lixi/ros2_ws/install/ros2_kitti_publishers/share/ros2_kitti_publishers/package.zsh'
[10.274s] Level 1:colcon.colcon_core.environment:create_file_with_runtime_dependencies(/home/lixi/ros2_ws/install/ros2_kitti_publishers/share/colcon-core/packages/ros2_kitti_publishers)
[10.275s] DEBUG:colcon.colcon_parallel_executor.executor.parallel:closing loop
[10.275s] DEBUG:colcon.colcon_parallel_executor.executor.parallel:loop closed
[10.275s] DEBUG:colcon.colcon_parallel_executor.executor.parallel:run_until_complete finished with '0'
[10.275s] DEBUG:colcon.colcon_core.event_reactor:joining thread
[10.293s] INFO:colcon.colcon_core.plugin_system:Skipping extension 'colcon_notification.desktop_notification.notify_send': Could not find 'notify-send'
[10.293s] INFO:colcon.colcon_core.plugin_system:Skipping extension 'colcon_notification.desktop_notification.terminal_notifier': Not used on non-Darwin systems
[10.293s] INFO:colcon.colcon_core.plugin_system:Skipping extension 'colcon_notification.desktop_notification.win32': Not used on non-Windows systems
[10.293s] INFO:colcon.colcon_notification.desktop_notification:Sending desktop notification using 'notify2'
[10.293s] DEBUG:colcon.colcon_notification.desktop_notification.notify2:Failed to initialize notify2: org.freedesktop.DBus.Error.FileNotFound: Failed to connect to socket /run/user/1000/bus: No such file or directory
[10.293s] DEBUG:colcon.colcon_core.event_reactor:joined thread
[10.294s] INFO:colcon.colcon_core.shell:Creating prefix script '/home/lixi/ros2_ws/install/local_setup.ps1'
[10.294s] INFO:colcon.colcon_core.shell:Creating prefix util module '/home/lixi/ros2_ws/install/_local_setup_util_ps1.py'
[10.295s] INFO:colcon.colcon_core.shell:Creating prefix chain script '/home/lixi/ros2_ws/install/setup.ps1'
[10.296s] INFO:colcon.colcon_core.shell:Creating prefix script '/home/lixi/ros2_ws/install/local_setup.sh'
[10.296s] INFO:colcon.colcon_core.shell:Creating prefix util module '/home/lixi/ros2_ws/install/_local_setup_util_sh.py'
[10.297s] INFO:colcon.colcon_core.shell:Creating prefix chain script '/home/lixi/ros2_ws/install/setup.sh'
[10.297s] INFO:colcon.colcon_core.shell:Creating prefix script '/home/lixi/ros2_ws/install/local_setup.bash'
[10.297s] INFO:colcon.colcon_core.shell:Creating prefix chain script '/home/lixi/ros2_ws/install/setup.bash'
[10.298s] INFO:colcon.colcon_core.shell:Creating prefix script '/home/lixi/ros2_ws/install/local_setup.zsh'
[10.298s] INFO:colcon.colcon_core.shell:Creating prefix chain script '/home/lixi/ros2_ws/install/setup.zsh'
