[0.008s] Invoking command in '/home/lixi/ros2_ws/build/ros2_kitti_publishers': CMAKE_PREFIX_PATH=/opt/ros/humble /usr/bin/cmake /home/lixi/ros2_ws/src/ros2_kitti_publishers -DCMAKE_INSTALL_PREFIX=/home/lixi/ros2_ws/install/ros2_kitti_publishers
[0.118s] -- The C compiler identification is GNU 11.4.0
[0.321s] -- The CXX compiler identification is GNU 11.4.0
[0.441s] -- Detecting C compiler ABI info
[0.511s] -- Detecting C compiler ABI info - done
[0.515s] -- Check for working C compiler: /usr/bin/cc - skipped
[0.516s] -- Detecting C compile features
[0.517s] -- Detecting C compile features - done
[0.519s] -- Detecting CXX compiler ABI info
[0.593s] -- Detecting CXX compiler ABI info - done
[0.598s] -- Check for working CXX compiler: /usr/bin/c++ - skipped
[0.598s] -- Detecting CXX compile features
[0.598s] -- Detecting CXX compile features - done
[0.601s] -- Looking for pthread.h
[0.674s] -- Looking for pthread.h - found
[0.674s] -- Performing Test CMAKE_HAVE_LIBC_PTHREAD
[0.743s] -- Performing Test CMAKE_HAVE_LIBC_PTHREAD - Success
[0.744s] -- Found Threads: TRUE  
[0.748s] -- Found ament_cmake: 1.3.14 (/opt/ros/humble/share/ament_cmake/cmake)
[0.835s] -- Found Python3: /usr/bin/python3 (found version "3.10.12") found components: Interpreter 
[0.896s] -- Found rclcpp: 16.0.18 (/opt/ros/humble/share/rclcpp/cmake)
[0.977s] -- Found rosidl_generator_c: 3.1.8 (/opt/ros/humble/share/rosidl_generator_c/cmake)
[0.981s] -- Found rosidl_adapter: 3.1.8 (/opt/ros/humble/share/rosidl_adapter/cmake)
[0.988s] -- Found rosidl_generator_cpp: 3.1.8 (/opt/ros/humble/share/rosidl_generator_cpp/cmake)
[0.999s] -- Using all available rosidl_typesupport_c: rosidl_typesupport_fastrtps_c;rosidl_typesupport_introspection_c
[1.011s] -- Using all available rosidl_typesupport_cpp: rosidl_typesupport_fastrtps_cpp;rosidl_typesupport_introspection_cpp
[1.045s] -- Found rmw_implementation_cmake: 6.1.2 (/opt/ros/humble/share/rmw_implementation_cmake/cmake)
[1.047s] -- Found rmw_fastrtps_cpp: 6.2.10 (/opt/ros/humble/share/rmw_fastrtps_cpp/cmake)
[1.515s] -- Found OpenSSL: /usr/lib/x86_64-linux-gnu/libcrypto.so (found version "3.0.2")  
[2.030s] -- Found FastRTPS: /opt/ros/humble/include  
[2.934s] -- Using RMW implementation 'rmw_fastrtps_cpp' as default
[2.983s] -- Found rclcpp_action: 16.0.18 (/opt/ros/humble/share/rclcpp_action/cmake)
[3.013s] -- Found rclcpp_lifecycle: 16.0.18 (/opt/ros/humble/share/rclcpp_lifecycle/cmake)
[3.030s] -- Found pluginlib: 5.1.3 (/opt/ros/humble/share/pluginlib/cmake)
[3.540s] -- Found geometry_msgs: 4.9.1 (/opt/ros/humble/share/geometry_msgs/cmake)
[3.552s] -- Found sensor_msgs: 4.9.1 (/opt/ros/humble/share/sensor_msgs/cmake)
[3.566s] -- Found shape_msgs: 4.9.1 (/opt/ros/humble/share/shape_msgs/cmake)
[3.579s] -- Found tf2: 0.25.19 (/opt/ros/humble/share/tf2/cmake)
[3.583s] -- Found tf2_geometry_msgs: 0.25.19 (/opt/ros/humble/share/tf2_geometry_msgs/cmake)
[3.608s] -- Found eigen3_cmake_module: 0.1.1 (/opt/ros/humble/share/eigen3_cmake_module/cmake)
[3.610s] -- Found Eigen3: TRUE (found version "3.4.0") 
[3.610s] -- Ensuring Eigen3 include directory is part of orocos-kdl CMake target
[3.654s] -- Found visualization_msgs: 4.9.1 (/opt/ros/humble/share/visualization_msgs/cmake)
[3.668s] -- Found pcl_conversions: 2.4.5 (/opt/ros/humble/share/pcl_conversions/cmake)
[3.692s] -- Checking for module 'eigen3'
[3.698s] --   Found eigen3, version 3.4.0
[3.715s] -- Found Eigen: /usr/include/eigen3 (Required is at least version "3.1") 
[3.716s] -- Eigen found (include: /usr/include/eigen3, version: 3.4.0)
[4.209s] -- Checking for module 'flann'
[4.217s] --   Found flann, version 1.9.1
[4.365s] -- Found FLANN: /usr/lib/x86_64-linux-gnu/libflann_cpp.so  
[4.365s] -- FLANN found (include: /usr/include, lib: /usr/lib/x86_64-linux-gnu/libflann_cpp.so)
[6.374s] -- Checking for module 'libusb-1.0'
[6.381s] --   Found libusb-1.0, version 1.0.25
[6.428s] -- Found libusb: /usr/lib/x86_64-linux-gnu/libusb-1.0.so  
[6.429s] -- OpenNI found (version: 1.5.4.0, include: /usr/include/ni, lib: /usr/lib/libOpenNI.so;libusb::libusb)
[6.515s] -- OpenNI2 found (version: 2.2.0.33, include: /usr/include/openni2, lib: /usr/lib/x86_64-linux-gnu/libOpenNI2.so;libusb::libusb)
[7.343s] -- Eigen found (include: /usr/include/eigen3, version: 3.4.0)
[7.347s] -- OpenNI found (version: 1.5.4.0, include: /usr/include/ni, lib: /usr/lib/libOpenNI.so;libusb::libusb)
[7.351s] -- OpenNI2 found (version: 2.2.0.33, include: /usr/include/openni2, lib: /usr/lib/x86_64-linux-gnu/libOpenNI2.so;libusb::libusb)
[8.195s] -- Found Qhull version 8.0.2
[9.053s] -- OpenNI found (version: 1.5.4.0, include: /usr/include/ni, lib: /usr/lib/libOpenNI.so;libusb::libusb)
[9.868s] -- Found PCL_COMMON: /usr/lib/x86_64-linux-gnu/libpcl_common.so  
[9.868s] -- Found PCL_KDTREE: /usr/lib/x86_64-linux-gnu/libpcl_kdtree.so  
[9.869s] -- Found PCL_OCTREE: /usr/lib/x86_64-linux-gnu/libpcl_octree.so  
[9.869s] -- Found PCL_SEARCH: /usr/lib/x86_64-linux-gnu/libpcl_search.so  
[9.870s] -- Found PCL_SAMPLE_CONSENSUS: /usr/lib/x86_64-linux-gnu/libpcl_sample_consensus.so  
[9.870s] -- Found PCL_FILTERS: /usr/lib/x86_64-linux-gnu/libpcl_filters.so  
[9.870s] -- Found PCL_2D: /usr/include/pcl-1.12  
[9.871s] -- Found PCL_GEOMETRY: /usr/include/pcl-1.12  
[9.871s] -- Found PCL_IO: /usr/lib/x86_64-linux-gnu/libpcl_io.so  
[9.872s] -- Found PCL_FEATURES: /usr/lib/x86_64-linux-gnu/libpcl_features.so  
[9.872s] -- Found PCL_ML: /usr/lib/x86_64-linux-gnu/libpcl_ml.so  
[9.872s] -- Found PCL_SEGMENTATION: /usr/lib/x86_64-linux-gnu/libpcl_segmentation.so  
[9.873s] -- Found PCL_VISUALIZATION: /usr/lib/x86_64-linux-gnu/libpcl_visualization.so  
[9.873s] -- Found PCL_SURFACE: /usr/lib/x86_64-linux-gnu/libpcl_surface.so  
[9.874s] -- Found PCL_REGISTRATION: /usr/lib/x86_64-linux-gnu/libpcl_registration.so  
[9.874s] -- Found PCL_KEYPOINTS: /usr/lib/x86_64-linux-gnu/libpcl_keypoints.so  
[9.875s] -- Found PCL_TRACKING: /usr/lib/x86_64-linux-gnu/libpcl_tracking.so  
[9.875s] -- Found PCL_RECOGNITION: /usr/lib/x86_64-linux-gnu/libpcl_recognition.so  
[9.876s] -- Found PCL_STEREO: /usr/lib/x86_64-linux-gnu/libpcl_stereo.so  
[9.876s] -- Found PCL_APPS: /usr/lib/x86_64-linux-gnu/libpcl_apps.so  
[9.877s] -- Found PCL_IN_HAND_SCANNER: /usr/include/pcl-1.12  
[9.877s] -- Found PCL_MODELER: /usr/include/pcl-1.12  
[9.877s] -- Found PCL_POINT_CLOUD_EDITOR: /usr/include/pcl-1.12  
[9.878s] -- Found PCL_OUTOFCORE: /usr/lib/x86_64-linux-gnu/libpcl_outofcore.so  
[9.878s] -- Found PCL_PEOPLE: /usr/lib/x86_64-linux-gnu/libpcl_people.so  
[9.886s] -- Found OpenCV: /usr (found version "4.5.4") 
[9.890s] -- Found Boost: /usr/lib/x86_64-linux-gnu/cmake/Boost-1.74.0/BoostConfig.cmake (found version "1.74.0") found components: system 
[9.890s] [33mCMake Warning (dev) at CMakeLists.txt:37 (find_package):
[9.890s]   Policy CMP0074 is not set: find_package uses <PackageName>_ROOT variables.
[9.890s]   Run "cmake --help-policy CMP0074" for policy details.  Use the cmake_policy
[9.890s]   command to set the policy and suppress this warning.
[9.890s] 
[9.890s]   CMake variable PCL_ROOT is set to:
[9.890s] 
[9.890s]     /usr
[9.890s] 
[9.890s]   For compatibility, CMake is ignoring the variable.
[9.890s] This warning is for project developers.  Use -Wno-dev to suppress it.
[9.890s] [0m
[9.947s] -- Configuring done
[10.005s] -- Generating done
[10.014s] -- Build files have been written to: /home/lixi/ros2_ws/build/ros2_kitti_publishers
[10.025s] Invoked command in '/home/lixi/ros2_ws/build/ros2_kitti_publishers' returned '0': CMAKE_PREFIX_PATH=/opt/ros/humble /usr/bin/cmake /home/lixi/ros2_ws/src/ros2_kitti_publishers -DCMAKE_INSTALL_PREFIX=/home/lixi/ros2_ws/install/ros2_kitti_publishers
[10.027s] Invoking command in '/home/lixi/ros2_ws/build/ros2_kitti_publishers': CMAKE_PREFIX_PATH=/opt/ros/humble /usr/bin/cmake --build /home/lixi/ros2_ws/build/ros2_kitti_publishers -- -j20 -l20
[10.054s] [35m[1mConsolidate compiler generated dependencies of target ros2_kitti_publishers[0m
[10.067s] [ 50%] Built target ros2_kitti_publishers
[10.074s] [35m[1mConsolidate compiler generated dependencies of target kitti_publishers[0m
[10.086s] [100%] Built target kitti_publishers
[10.093s] Invoked command in '/home/lixi/ros2_ws/build/ros2_kitti_publishers' returned '0': CMAKE_PREFIX_PATH=/opt/ros/humble /usr/bin/cmake --build /home/lixi/ros2_ws/build/ros2_kitti_publishers -- -j20 -l20
[10.098s] Invoking command in '/home/lixi/ros2_ws/build/ros2_kitti_publishers': CMAKE_PREFIX_PATH=/opt/ros/humble /usr/bin/cmake --install /home/lixi/ros2_ws/build/ros2_kitti_publishers
[10.102s] -- Install configuration: ""
[10.102s] -- Up-to-date: /home/lixi/ros2_ws/install/ros2_kitti_publishers/include/
[10.102s] -- Up-to-date: /home/lixi/ros2_ws/install/ros2_kitti_publishers/include//ros2_kitti_publishers
[10.102s] -- Up-to-date: /home/lixi/ros2_ws/install/ros2_kitti_publishers/include//ros2_kitti_publishers/WGS84toCartesian.hpp
[10.102s] -- Up-to-date: /home/lixi/ros2_ws/install/ros2_kitti_publishers/include//ros2_kitti_publishers/visibility.h
[10.102s] -- Up-to-date: /home/lixi/ros2_ws/install/ros2_kitti_publishers/include//ros2_kitti_publishers/kitti_publishers_node.hpp
[10.102s] -- Up-to-date: /home/lixi/ros2_ws/install/ros2_kitti_publishers/share/ros2_kitti_publishers/launch
[10.102s] -- Up-to-date: /home/lixi/ros2_ws/install/ros2_kitti_publishers/share/ros2_kitti_publishers/launch/README.md
[10.103s] -- Up-to-date: /home/lixi/ros2_ws/install/ros2_kitti_publishers/lib/libros2_kitti_publishers.so
[10.103s] -- Up-to-date: /home/lixi/ros2_ws/install/ros2_kitti_publishers/lib/ros2_kitti_publishers/kitti_publishers
[10.103s] -- Up-to-date: /home/lixi/ros2_ws/install/ros2_kitti_publishers/share/ament_index/resource_index/package_run_dependencies/ros2_kitti_publishers
[10.103s] -- Installing: /home/lixi/ros2_ws/install/ros2_kitti_publishers/share/ament_index/resource_index/parent_prefix_path/ros2_kitti_publishers
[10.103s] -- Up-to-date: /home/lixi/ros2_ws/install/ros2_kitti_publishers/share/ros2_kitti_publishers/environment/ament_prefix_path.sh
[10.103s] -- Installing: /home/lixi/ros2_ws/install/ros2_kitti_publishers/share/ros2_kitti_publishers/environment/ament_prefix_path.dsv
[10.104s] -- Up-to-date: /home/lixi/ros2_ws/install/ros2_kitti_publishers/share/ros2_kitti_publishers/environment/path.sh
[10.104s] -- Installing: /home/lixi/ros2_ws/install/ros2_kitti_publishers/share/ros2_kitti_publishers/environment/path.dsv
[10.104s] -- Up-to-date: /home/lixi/ros2_ws/install/ros2_kitti_publishers/share/ros2_kitti_publishers/local_setup.bash
[10.104s] -- Up-to-date: /home/lixi/ros2_ws/install/ros2_kitti_publishers/share/ros2_kitti_publishers/local_setup.sh
[10.104s] -- Up-to-date: /home/lixi/ros2_ws/install/ros2_kitti_publishers/share/ros2_kitti_publishers/local_setup.zsh
[10.104s] -- Installing: /home/lixi/ros2_ws/install/ros2_kitti_publishers/share/ros2_kitti_publishers/local_setup.dsv
[10.104s] -- Installing: /home/lixi/ros2_ws/install/ros2_kitti_publishers/share/ros2_kitti_publishers/package.dsv
[10.104s] -- Up-to-date: /home/lixi/ros2_ws/install/ros2_kitti_publishers/share/ament_index/resource_index/packages/ros2_kitti_publishers
[10.104s] -- Up-to-date: /home/lixi/ros2_ws/install/ros2_kitti_publishers/share/ros2_kitti_publishers/cmake/ros2_kitti_publishersConfig.cmake
[10.105s] -- Up-to-date: /home/lixi/ros2_ws/install/ros2_kitti_publishers/share/ros2_kitti_publishers/cmake/ros2_kitti_publishersConfig-version.cmake
[10.105s] -- Up-to-date: /home/lixi/ros2_ws/install/ros2_kitti_publishers/share/ros2_kitti_publishers/package.xml
[10.106s] Invoked command in '/home/lixi/ros2_ws/build/ros2_kitti_publishers' returned '0': CMAKE_PREFIX_PATH=/opt/ros/humble /usr/bin/cmake --install /home/lixi/ros2_ws/build/ros2_kitti_publishers
