[0.008s] Invoking command in '/home/lixi/ros2_ws/build/ros2_kitti_publishers': CMAKE_PREFIX_PATH=${CMAKE_PREFIX_PATH}:/opt/ros/humble /usr/bin/cmake /home/lixi/ros2_ws/src/ros2_kitti_publishers -DCMAKE_INSTALL_PREFIX=/home/lixi/ros2_ws/install/ros2_kitti_publishers
[0.118s] -- The C compiler identification is GNU 11.4.0
[0.314s] -- The CXX compiler identification is GNU 11.4.0
[0.446s] -- Detecting C compiler ABI info
[0.517s] -- Detecting C compiler ABI info - done
[0.522s] -- Check for working C compiler: /usr/bin/cc - skipped
[0.523s] -- Detecting C compile features
[0.523s] -- Detecting C compile features - done
[0.526s] -- Detecting CXX compiler ABI info
[0.599s] -- Detecting CXX compiler ABI info - done
[0.604s] -- Check for working CXX compiler: /usr/bin/c++ - skipped
[0.604s] -- Detecting CXX compile features
[0.604s] -- Detecting CXX compile features - done
[0.606s] -- Looking for pthread.h
[0.677s] -- Looking for pthread.h - found
[0.677s] -- Performing Test CMAKE_HAVE_LIBC_PTHREAD
[0.744s] -- Performing Test CMAKE_HAVE_LIBC_PTHREAD - Success
[0.746s] -- Found Threads: TRUE  
[0.749s] -- Found ament_cmake: 1.3.14 (/opt/ros/humble/share/ament_cmake/cmake)
[0.837s] -- Found Python3: /usr/bin/python3 (found version "3.10.12") found components: Interpreter 
[0.899s] -- Found rclcpp: 16.0.18 (/opt/ros/humble/share/rclcpp/cmake)
[0.980s] -- Found rosidl_generator_c: 3.1.8 (/opt/ros/humble/share/rosidl_generator_c/cmake)
[0.984s] -- Found rosidl_adapter: 3.1.8 (/opt/ros/humble/share/rosidl_adapter/cmake)
[0.991s] -- Found rosidl_generator_cpp: 3.1.8 (/opt/ros/humble/share/rosidl_generator_cpp/cmake)
[1.002s] -- Using all available rosidl_typesupport_c: rosidl_typesupport_fastrtps_c;rosidl_typesupport_introspection_c
[1.015s] -- Using all available rosidl_typesupport_cpp: rosidl_typesupport_fastrtps_cpp;rosidl_typesupport_introspection_cpp
[1.051s] -- Found rmw_implementation_cmake: 6.1.2 (/opt/ros/humble/share/rmw_implementation_cmake/cmake)
[1.053s] -- Found rmw_fastrtps_cpp: 6.2.10 (/opt/ros/humble/share/rmw_fastrtps_cpp/cmake)
[1.567s] -- Found OpenSSL: /usr/lib/x86_64-linux-gnu/libcrypto.so (found version "3.0.2")  
[2.274s] -- Found FastRTPS: /opt/ros/humble/include  
[3.205s] -- Using RMW implementation 'rmw_fastrtps_cpp' as default
[3.259s] -- Found rclcpp_action: 16.0.18 (/opt/ros/humble/share/rclcpp_action/cmake)
[3.286s] -- Found rclcpp_lifecycle: 16.0.18 (/opt/ros/humble/share/rclcpp_lifecycle/cmake)
[3.303s] -- Found pluginlib: 5.1.3 (/opt/ros/humble/share/pluginlib/cmake)
[3.797s] -- Found geometry_msgs: 4.9.1 (/opt/ros/humble/share/geometry_msgs/cmake)
[3.809s] -- Found sensor_msgs: 4.9.1 (/opt/ros/humble/share/sensor_msgs/cmake)
[3.822s] -- Found shape_msgs: 4.9.1 (/opt/ros/humble/share/shape_msgs/cmake)
[3.835s] -- Found tf2: 0.25.19 (/opt/ros/humble/share/tf2/cmake)
[3.839s] -- Found tf2_geometry_msgs: 0.25.19 (/opt/ros/humble/share/tf2_geometry_msgs/cmake)
[3.859s] -- Found eigen3_cmake_module: 0.1.1 (/opt/ros/humble/share/eigen3_cmake_module/cmake)
[3.860s] -- Found Eigen3: TRUE (found version "3.4.0") 
[3.860s] -- Ensuring Eigen3 include directory is part of orocos-kdl CMake target
[3.901s] -- Found visualization_msgs: 4.9.1 (/opt/ros/humble/share/visualization_msgs/cmake)
[3.915s] -- Found pcl_conversions: 2.4.5 (/opt/ros/humble/share/pcl_conversions/cmake)
[3.938s] -- Checking for module 'eigen3'
[3.945s] --   Found eigen3, version 3.4.0
[3.961s] -- Found Eigen: /usr/include/eigen3 (Required is at least version "3.1") 
[3.961s] -- Eigen found (include: /usr/include/eigen3, version: 3.4.0)
[4.420s] -- Checking for module 'flann'
[4.436s] --   Found flann, version 1.9.1
[4.579s] -- Found FLANN: /usr/lib/x86_64-linux-gnu/libflann_cpp.so  
[4.579s] -- FLANN found (include: /usr/include, lib: /usr/lib/x86_64-linux-gnu/libflann_cpp.so)
[6.571s] -- Checking for module 'libusb-1.0'
[6.578s] --   Found libusb-1.0, version 1.0.25
[6.622s] -- Found libusb: /usr/lib/x86_64-linux-gnu/libusb-1.0.so  
[6.624s] -- OpenNI found (version: 1.5.4.0, include: /usr/include/ni, lib: /usr/lib/libOpenNI.so;libusb::libusb)
[6.705s] -- OpenNI2 found (version: 2.2.0.33, include: /usr/include/openni2, lib: /usr/lib/x86_64-linux-gnu/libOpenNI2.so;libusb::libusb)
[7.488s] -- Eigen found (include: /usr/include/eigen3, version: 3.4.0)
[7.492s] -- OpenNI found (version: 1.5.4.0, include: /usr/include/ni, lib: /usr/lib/libOpenNI.so;libusb::libusb)
[7.495s] -- OpenNI2 found (version: 2.2.0.33, include: /usr/include/openni2, lib: /usr/lib/x86_64-linux-gnu/libOpenNI2.so;libusb::libusb)
[8.262s] -- Found Qhull version 8.0.2
[9.009s] -- OpenNI found (version: 1.5.4.0, include: /usr/include/ni, lib: /usr/lib/libOpenNI.so;libusb::libusb)
[9.778s] -- Found PCL_COMMON: /usr/lib/x86_64-linux-gnu/libpcl_common.so  
[9.778s] -- Found PCL_KDTREE: /usr/lib/x86_64-linux-gnu/libpcl_kdtree.so  
[9.779s] -- Found PCL_OCTREE: /usr/lib/x86_64-linux-gnu/libpcl_octree.so  
[9.779s] -- Found PCL_SEARCH: /usr/lib/x86_64-linux-gnu/libpcl_search.so  
[9.780s] -- Found PCL_SAMPLE_CONSENSUS: /usr/lib/x86_64-linux-gnu/libpcl_sample_consensus.so  
[9.780s] -- Found PCL_FILTERS: /usr/lib/x86_64-linux-gnu/libpcl_filters.so  
[9.780s] -- Found PCL_2D: /usr/include/pcl-1.12  
[9.780s] -- Found PCL_GEOMETRY: /usr/include/pcl-1.12  
[9.781s] -- Found PCL_IO: /usr/lib/x86_64-linux-gnu/libpcl_io.so  
[9.781s] -- Found PCL_FEATURES: /usr/lib/x86_64-linux-gnu/libpcl_features.so  
[9.782s] -- Found PCL_ML: /usr/lib/x86_64-linux-gnu/libpcl_ml.so  
[9.782s] -- Found PCL_SEGMENTATION: /usr/lib/x86_64-linux-gnu/libpcl_segmentation.so  
[9.783s] -- Found PCL_VISUALIZATION: /usr/lib/x86_64-linux-gnu/libpcl_visualization.so  
[9.783s] -- Found PCL_SURFACE: /usr/lib/x86_64-linux-gnu/libpcl_surface.so  
[9.784s] -- Found PCL_REGISTRATION: /usr/lib/x86_64-linux-gnu/libpcl_registration.so  
[9.784s] -- Found PCL_KEYPOINTS: /usr/lib/x86_64-linux-gnu/libpcl_keypoints.so  
[9.785s] -- Found PCL_TRACKING: /usr/lib/x86_64-linux-gnu/libpcl_tracking.so  
[9.785s] -- Found PCL_RECOGNITION: /usr/lib/x86_64-linux-gnu/libpcl_recognition.so  
[9.786s] -- Found PCL_STEREO: /usr/lib/x86_64-linux-gnu/libpcl_stereo.so  
[9.786s] -- Found PCL_APPS: /usr/lib/x86_64-linux-gnu/libpcl_apps.so  
[9.787s] -- Found PCL_IN_HAND_SCANNER: /usr/include/pcl-1.12  
[9.787s] -- Found PCL_MODELER: /usr/include/pcl-1.12  
[9.787s] -- Found PCL_POINT_CLOUD_EDITOR: /usr/include/pcl-1.12  
[9.788s] -- Found PCL_OUTOFCORE: /usr/lib/x86_64-linux-gnu/libpcl_outofcore.so  
[9.788s] -- Found PCL_PEOPLE: /usr/lib/x86_64-linux-gnu/libpcl_people.so  
[9.795s] -- Found OpenCV: /usr (found version "4.5.4") 
[9.799s] -- Found Boost: /usr/lib/x86_64-linux-gnu/cmake/Boost-1.74.0/BoostConfig.cmake (found version "1.74.0") found components: system 
[9.799s] [33mCMake Warning (dev) at CMakeLists.txt:37 (find_package):
[9.800s]   Policy CMP0074 is not set: find_package uses <PackageName>_ROOT variables.
[9.800s]   Run "cmake --help-policy CMP0074" for policy details.  Use the cmake_policy
[9.800s]   command to set the policy and suppress this warning.
[9.800s] 
[9.800s]   CMake variable PCL_ROOT is set to:
[9.800s] 
[9.800s]     /usr
[9.800s] 
[9.800s]   For compatibility, CMake is ignoring the variable.
[9.800s] This warning is for project developers.  Use -Wno-dev to suppress it.
[9.800s] [0m
[9.853s] -- Configuring done
[9.910s] -- Generating done
[9.920s] -- Build files have been written to: /home/lixi/ros2_ws/build/ros2_kitti_publishers
[9.931s] Invoked command in '/home/lixi/ros2_ws/build/ros2_kitti_publishers' returned '0': CMAKE_PREFIX_PATH=${CMAKE_PREFIX_PATH}:/opt/ros/humble /usr/bin/cmake /home/lixi/ros2_ws/src/ros2_kitti_publishers -DCMAKE_INSTALL_PREFIX=/home/lixi/ros2_ws/install/ros2_kitti_publishers
[9.934s] Invoking command in '/home/lixi/ros2_ws/build/ros2_kitti_publishers': CMAKE_PREFIX_PATH=${CMAKE_PREFIX_PATH}:/opt/ros/humble /usr/bin/cmake --build /home/lixi/ros2_ws/build/ros2_kitti_publishers -- -j20 -l20
[9.959s] [35m[1mConsolidate compiler generated dependencies of target ros2_kitti_publishers[0m
[9.974s] [ 50%] Built target ros2_kitti_publishers
[9.981s] [35m[1mConsolidate compiler generated dependencies of target kitti_publishers[0m
[9.995s] [100%] Built target kitti_publishers
[10.001s] Invoked command in '/home/lixi/ros2_ws/build/ros2_kitti_publishers' returned '0': CMAKE_PREFIX_PATH=${CMAKE_PREFIX_PATH}:/opt/ros/humble /usr/bin/cmake --build /home/lixi/ros2_ws/build/ros2_kitti_publishers -- -j20 -l20
[10.008s] Invoking command in '/home/lixi/ros2_ws/build/ros2_kitti_publishers': CMAKE_PREFIX_PATH=${CMAKE_PREFIX_PATH}:/opt/ros/humble /usr/bin/cmake --install /home/lixi/ros2_ws/build/ros2_kitti_publishers
[10.011s] -- Install configuration: ""
[10.011s] -- Up-to-date: /home/lixi/ros2_ws/install/ros2_kitti_publishers/include/
[10.011s] -- Up-to-date: /home/lixi/ros2_ws/install/ros2_kitti_publishers/include//ros2_kitti_publishers
[10.011s] -- Up-to-date: /home/lixi/ros2_ws/install/ros2_kitti_publishers/include//ros2_kitti_publishers/WGS84toCartesian.hpp
[10.011s] -- Up-to-date: /home/lixi/ros2_ws/install/ros2_kitti_publishers/include//ros2_kitti_publishers/visibility.h
[10.012s] -- Up-to-date: /home/lixi/ros2_ws/install/ros2_kitti_publishers/include//ros2_kitti_publishers/kitti_publishers_node.hpp
[10.012s] -- Up-to-date: /home/lixi/ros2_ws/install/ros2_kitti_publishers/share/ros2_kitti_publishers/launch
[10.012s] -- Up-to-date: /home/lixi/ros2_ws/install/ros2_kitti_publishers/share/ros2_kitti_publishers/launch/README.md
[10.012s] -- Up-to-date: /home/lixi/ros2_ws/install/ros2_kitti_publishers/lib/libros2_kitti_publishers.so
[10.012s] -- Up-to-date: /home/lixi/ros2_ws/install/ros2_kitti_publishers/lib/ros2_kitti_publishers/kitti_publishers
[10.012s] -- Up-to-date: /home/lixi/ros2_ws/install/ros2_kitti_publishers/share/ament_index/resource_index/package_run_dependencies/ros2_kitti_publishers
[10.012s] -- Installing: /home/lixi/ros2_ws/install/ros2_kitti_publishers/share/ament_index/resource_index/parent_prefix_path/ros2_kitti_publishers
[10.012s] -- Up-to-date: /home/lixi/ros2_ws/install/ros2_kitti_publishers/share/ros2_kitti_publishers/environment/ament_prefix_path.sh
[10.012s] -- Installing: /home/lixi/ros2_ws/install/ros2_kitti_publishers/share/ros2_kitti_publishers/environment/ament_prefix_path.dsv
[10.012s] -- Up-to-date: /home/lixi/ros2_ws/install/ros2_kitti_publishers/share/ros2_kitti_publishers/environment/path.sh
[10.013s] -- Installing: /home/lixi/ros2_ws/install/ros2_kitti_publishers/share/ros2_kitti_publishers/environment/path.dsv
[10.013s] -- Up-to-date: /home/lixi/ros2_ws/install/ros2_kitti_publishers/share/ros2_kitti_publishers/local_setup.bash
[10.013s] -- Up-to-date: /home/lixi/ros2_ws/install/ros2_kitti_publishers/share/ros2_kitti_publishers/local_setup.sh
[10.013s] -- Up-to-date: /home/lixi/ros2_ws/install/ros2_kitti_publishers/share/ros2_kitti_publishers/local_setup.zsh
[10.013s] -- Installing: /home/lixi/ros2_ws/install/ros2_kitti_publishers/share/ros2_kitti_publishers/local_setup.dsv
[10.013s] -- Installing: /home/lixi/ros2_ws/install/ros2_kitti_publishers/share/ros2_kitti_publishers/package.dsv
[10.013s] -- Up-to-date: /home/lixi/ros2_ws/install/ros2_kitti_publishers/share/ament_index/resource_index/packages/ros2_kitti_publishers
[10.013s] -- Up-to-date: /home/lixi/ros2_ws/install/ros2_kitti_publishers/share/ros2_kitti_publishers/cmake/ros2_kitti_publishersConfig.cmake
[10.013s] -- Up-to-date: /home/lixi/ros2_ws/install/ros2_kitti_publishers/share/ros2_kitti_publishers/cmake/ros2_kitti_publishersConfig-version.cmake
[10.013s] -- Up-to-date: /home/lixi/ros2_ws/install/ros2_kitti_publishers/share/ros2_kitti_publishers/package.xml
[10.014s] Invoked command in '/home/lixi/ros2_ws/build/ros2_kitti_publishers' returned '0': CMAKE_PREFIX_PATH=${CMAKE_PREFIX_PATH}:/opt/ros/humble /usr/bin/cmake --install /home/lixi/ros2_ws/build/ros2_kitti_publishers
